LX51 LINKER/LOCATER V4.10                                                               10/26/2007  17:25:29  PAGE 1


LX51 LINKER/LOCATER V4.10, INVOKED BY:
D:\KEIL\C51\BIN\LX51.EXE TT40_Core_Bootloader.obj, TT40_Normal_Bootloader.obj, TT40_APDU_Bootloader.obj, SelectFiDi.obj,
>>  ATR.obj, Set_PPS.obj, crc16_32bitVar.obj, BulkCheckum_32bits_TT40.obj, LoadKey.obj TO TT40_Bootloader_Full_PRODUCTIO
>> N25K CASE CLASSES (XDATA (X:0XB000-X:0XB1FF), HDATA (X:0XB000-X:0XB1FF), CODE (C:0X9D00-C:0XA3FF), CONST (C:0X9D00-C:
>> 0XA3FF), ECODE (C:0X9D00-C:0XA3FF), HCONST (C:0X9D00-C:0XA3FF)) SEGMENTS (?PR?CORE_BOOTLOADER_SEGMENT?CORE_BOOTLOADER
>>  (C:0X9C00), ?PR?NORMAL_BOOTLOADER_SEGMENT?NORMAL_BOOTLOADER (C:0X9D00))


CPU MODE:     8051 MODE
MEMORY MODEL: SMALL


INPUT MODULES INCLUDED:
  TT40_Core_Bootloader.obj (TT40_CORE_BOOTLOADER)
         COMMENT TYPE 0: AX51 V3.01b
  TT40_Normal_Bootloader.obj (TT40_NORMAL_BOOTLOADER)
         COMMENT TYPE 0: AX51 V3.01b
  TT40_APDU_Bootloader.obj (TT40_APDU_BOOTLOADER)
         COMMENT TYPE 0: AX51 V3.01b
  SelectFiDi.obj (SELECTFIDI)
         COMMENT TYPE 0: AX51 V3.01b
  ATR.obj (ATR)
         COMMENT TYPE 0: C51 V8.05i
  Set_PPS.obj (SET_PPS)
         COMMENT TYPE 0: C51 V8.05i
  crc16_32bitVar.obj (CRC16_32BITVAR)
         COMMENT TYPE 0: C51 V8.05i
  BulkCheckum_32bits_TT40.obj (BULKCHECKUM_32BITS_TT40)
         COMMENT TYPE 0: C51 V8.05i
  LoadKey.obj (LOADKEY)
         COMMENT TYPE 0: C51 V8.05i
  D:\KEIL\C51\LIB\C51S.LIB (?C?COPY)
         COMMENT TYPE 1: A51 / ASM51 Assembler
  D:\KEIL\C51\LIB\C51S.LIB (?C?UIDIV)
         COMMENT TYPE 1: A51 / ASM51 Assembler


ACTIVE MEMORY CLASSES OF MODULE:  TT40_Bootloader_Full_PRODUCTION25K (TT40_CORE_BOOTLOADER)

BASE        START       END         USED      MEMORY CLASS
==========================================================
X:000000H   X:00B000H   X:00B1FFH   000001H   XDATA
X:000000H   X:00B000H   X:00B1FFH             HDATA
C:000000H   C:009D00H   C:00A3FFH   0006E2H   CODE
C:000000H   C:009D00H   C:00A3FFH   00000BH   CONST
C:000000H   C:009D00H   C:00A3FFH             ECODE
B00:0000H   C:009D00H   C:00A3FFH             HCONST
I:000000H   I:000000H   I:00007FH   000061H   DATA
I:000000H   I:000000H   I:0000FFH   000039H   IDATA
I:000020H.0 I:000020H.0 I:00002FH.7 000000H.1 BIT


MEMORY MAP OF MODULE:  TT40_Bootloader_Full_PRODUCTION25K (TT40_CORE_BOOTLOADER)


START     STOP      LENGTH    ALIGN  RELOC    MEMORY CLASS   SEGMENT NAME
=========================================================================

* * * * * * * * * * *   D A T A   M E M O R Y   * * * * * * * * * * * * *
000000H   000007H   000008H   ---    AT..     DATA           "REG BANK 0"
000008H   000018H   000011H   ---    OFFS..   DATA           ?DT?TT40_CORE_BOOTLOADER?1
000019H   00001CH   000004H   BYTE   UNIT     DATA           ?DT?CRC16_32BITVAR
00001DH   00001FH   000003H   BYTE   UNIT     DATA           IDATA_VARIABLE_FIDI
000020H.0 000020H.0 000000H.1 BIT    UNIT     BIT            BIT_VARIABLES_SEGMENT
000020H.1 000020H   000000H.7 ---    ---      **GAP**
000021H   000023H   000003H   BYTE   UNIT     DATA           ?DT?BULKCHECKUM_32BITS_TT40
LX51 LINKER/LOCATER V4.10                                                             10/26/2007  17:25:29  PAGE 2


000024H   000025H   000002H   BYTE   UNIT     DATA           IDATA_APDU_BL_VARIABLES_SEGMENT
000026H   000027H   000002H   BYTE   UNIT     DATA           ?DT?_CRC16?CRC16_32BITVAR
000028H   00002FH   000008H   BYTE   UNIT     IDATA          IDATA_VARIABLES_SEGMENT
000030H   000065H   000036H   ---    OFFS..   DATA           ?DT?TT40_CORE_BOOTLOADER?2
000066H   000069H   000004H   BYTE   UNIT     IDATA          ?ID?_SET_PPS?SET_PPS
00006AH   00006FH   000006H   ---    ---      **GAP**
000070H   000073H   000004H   ---    OFFS..   DATA           ?DT?TT40_CORE_BOOTLOADER?3
000074H   000083H   000010H   BYTE   UNIT     IDATA          ?ID?LOADKEY
000084H   000091H   00000EH   BYTE   UNIT     IDATA          ?ID?SENDATR?ATR
000092H   0000A0H   00000FH   BYTE   UNIT     IDATA          ?STACK

* * * * * * * * * * *   C O D E   M E M O R Y   * * * * * * * * * * * * *
009C00H   009CDDH   0000DEH   BYTE   UNIT     CODE           ?PR?CORE_BOOTLOADER_SEGMENT?CORE_BOOTLOADER
009CDEH   009CFFH   000022H   ---    ---      **GAP**
009D00H   009DE1H   0000E2H   BYTE   UNIT     CODE           ?PR?NORMAL_BOOTLOADER_SEGMENT?NORMAL_BOOTLOADER
*** OVERLAP ***
009D00H   ---       000000H   ---    OFFS..   CODE           ?CO?TT40_CORE_BOOTLOADER?8
009DE2H   009F9EH   0001BDH   BYTE   UNIT     CODE           ?PR?ISO_ALGORITHM_SEGMENT?TT40_APDU_BOOTLOADER
009F9FH   00A0E9H   00014BH   BYTE   UNIT     CODE           ?C?LIB_CODE
00A0EAH   00A1CAH   0000E1H   BYTE   UNIT     CODE           ?PR?SET_PPS?PPS
00A1CBH   00A230H   000066H   BYTE   UNIT     CODE           ?PR?_SET_PPS?SET_PPS
00A231H   00A28FH   00005FH   BYTE   UNIT     CODE           ?PR?_CRC16?CRC16_32BITVAR
00A290H   00A2E0H   000051H   BYTE   UNIT     CODE           ?PR?SENDATR?ATR
00A2E1H   00A2FAH   00001AH   BYTE   UNIT     CODE           ?PR?CALCULATE_BULK_MEMORY_CHECKSUM_TT40?BULKCHECKUM_32BITS
                                                             -_TT40
00A2FBH   00A303H   000009H   BYTE   UNIT     CODE           ?PR?RECEIVE_X_BYTES?TT40_NORMAL_BOOTLOADER
00A304H   00A30EH   00000BH   BYTE   UNIT     CONST          ?CO?ATR

* * * * * * * * * * *  X D A T A   M E M O R Y  * * * * * * * * * * * * *
000403H   000403H   000001H   BYTE   OFFS..   XDATA          ?XD?BULKCHECKUM_32BITS_TT40?0



OVERLAY MAP OF MODULE:   TT40_Bootloader_Full_PRODUCTION25K (TT40_CORE_BOOTLOADER)


FUNCTION/MODULE                                BIT_GROUP   DATA_GROUP 
--> CALLED FUNCTION/MODULE                    START  STOP  START  STOP
======================================================================


PUBLIC SYMBOLS OF MODULE:  TT40_Bootloader_Full_PRODUCTION25K (TT40_CORE_BOOTLOADER)


      VALUE       CLASS    TYPE      PUBLIC SYMBOL NAME
      =================================================
      00000000H   NUMBER   ---       ?C?CODESEG
      0100A06FH   CODE     ---       ?C?COPY
      0100A095H   CODE     ---       ?C?UIDIV
      00000000H   NUMBER   ---       ?C?XDATASEG
      0100A231H   CODE     ---       _CRC16
      000001F6H   NUMBER   ---       _FIRMWARE_GET_KEY_STATUS
      000001F8H   NUMBER   ---       _FIRMWARE_INIT_KEY_FOR_ENCRYPTION
      000001DEH   NUMBER   ---       _FIRMWARE_SET_CLOCK
      000001F4H   NUMBER   ---       _FIRMWARE_SET_KEY
      01009CB7H   CODE     NEAR LAB  _PUTCHARPARITYBIT
      0100A0EAH   CODE     NEAR LAB  _SELECT_FIDI
      0100A1CBH   CODE     ---       _SET_PPS
*SFR* 000000D0H.6 DATA     BIT       AC
*SFR* 000000E0H   DATA     BYTE      ACC
      00000021H   DATA     ---       Actual_Bulk_CKS
      00000022H   DATA     BYTE      ACTUAL_BULK_CKS_HI
      00000071H   DATA     BYTE      ACTUAL_BULK_CKS_HIGH
      00000023H   DATA     BYTE      ACTUAL_BULK_CKS_LO
      00000070H   DATA     BYTE      ACTUAL_BULK_CKS_LOW
LX51 LINKER/LOCATER V4.10                                                             10/26/2007  17:25:29  PAGE 3


      01009CA6H   CODE     NEAR LAB  ADD_TO_SERIAL_CHECKSUM_POSSIBLY_DECRYPT
*SFR* 000000E8H   DATA     BIT       AM
      00000013H   DATA     BYTE      APDU_CLA
      00000014H   DATA     BYTE      APDU_INS
      00000015H   DATA     BYTE      APDU_P1
      00000016H   DATA     BYTE      APDU_P2
      00000017H   DATA     BYTE      APDU_P3
*SFR* 000000F0H   DATA     BYTE      B
      0100A2E1H   CODE     ---       CALCULATE_BULK_MEMORY_CHECKSUM_TT40
*SFR* 000000A1H   DATA     BYTE      CBSL
      01009C4FH   CODE     NEAR LAB  CHANGE_DIVISOR_RATE
      02000403H   XDATA    BYTE      Checksum_Address
      01009C00H   CODE     NEAR LAB  CORE_BOOTLOADER_ENTRY
      01009C1AH   CODE     NEAR LAB  CORE_BOOTLOADER_GET_COMMAND
      00000019H   DATA     WORD      CRC16_m
*SFR* 000000D0H.7 DATA     BIT       CY
      0000001FH   DATA     BYTE      D
      00000011H   DATA     BYTE      DATA_BLOCK_SIZE
      0000001BH   DATA     WORD      Data_Length
      01009CB0H   CODE     NEAR LAB  DECRYPT_ACC_IF_ENCRYPTION_SELECTED
      0000000CH   DATA     BYTE      DESIRED_MEMORY_VALUE
      0000000AH   DATA     BYTE      DESIRED_SERIAL_CHECKSUM_HI
      0000000BH   DATA     BYTE      DESIRED_SERIAL_CHECKSUM_LO
*SFR* 00000083H   DATA     BYTE      DPH
*SFR* 00000083H   DATA     BYTE      DPH0
*SFR* 00000085H   DATA     BYTE      DPH1
*SFR* 00000082H   DATA     BYTE      DPL
*SFR* 00000082H   DATA     BYTE      DPL0
*SFR* 00000084H   DATA     BYTE      DPL1
*SFR* 00000086H   DATA     BYTE      DPS
*SFR* 00000093H   DATA     BYTE      DPX
*SFR* 00000093H   DATA     BYTE      DPX0
*SFR* 00000095H   DATA     BYTE      DPX1
      00000020H.0 BIT      BIT       ENCRYTED_DATA
*SFR* 000000E8H   DATA     BYTE      EPSW
*SFR* 000000D0H.5 DATA     BIT       F0
*SFR* 000000E8H.1 DATA     BIT       F1
      0000001DH   DATA     BYTE      FH
      000001F4H   NUMBER   ---       FIRMWARE_SET_KEY
      0000001EH   DATA     BYTE      FL
*SFR* 00000080H   DATA     BIT       FSM_FINISH
*SFR* 00000080H.5 DATA     BIT       FSM_RESULT
*SFR* 00000080H.1 DATA     BIT       FSM_START
      01009CA4H   CODE     NEAR LAB  GET_BYTE__POSSIBLY_DECRYPT__ADD_TO_RECEIVE_CHECKSUM
      01009CD6H   CODE     NEAR LAB  GETCHAR
*SFR* 000000A8H   DATA     BYTE      IE
*SFR* 000000B8H   DATA     BYTE      IP
      01009DE2H   CODE     NEAR LAB  ISO_BOOTLOADER__ENTRY_POINT
*SFR* 000000B2H   DATA     BYTE      ISOCON
*SFR* 000000B4H   DATA     BYTE      ISOTMR
      00000074H   IDATA    ---       KEY_BUFFER
      00000012H   DATA     BYTE      LOOP_COUNTER
      01009C47H   CODE     NEAR LAB  MASS_ERASE_UCM__BOOTLOADER_SAFE
*SFR* 000000F7H   DATA     BYTE      MFCON
*SFR* 00000088H.3 DATA     BIT       MFLT
      00000028H   IDATA    BYTE      MISC_BUFFER
*SFR* 000000A2H   DATA     BYTE      MPTR
*SFR* 000000EAH   DATA     BYTE      MPTRX
      01009D2CH   CODE     NEAR LAB  NORMAL_BOOTLOADER__GET_COMMAND
      01009D2FH   CODE     NEAR LAB  NORMAL_BOOTLOADER__GOT_COMMAND
      01009D71H   CODE     NEAR LAB  NORMAL_BOOTLOADER__LOAD_KEY_AND_GENERATE_SBOX
      01009DBCH   CODE     NEAR LAB  NORMAL_BOOTLOADER__MASS_ERASE_UCM__BOOTLOADER_SAFE
      01009DBFH   CODE     NEAR LAB  NORMAL_BOOTLOADER__SEND_SW1_SW2_9000
      01009DC1H   CODE     NEAR LAB  NORMAL_BOOTLOADER__SEND_SW1_SW2_ACC_00
*SFR* 00000080H   DATA     BYTE      NVFSMCON
LX51 LINKER/LOCATER V4.10                                                             10/26/2007  17:25:29  PAGE 4


*SFR* 000000C9H   DATA     BYTE      NVFSMMODE
      01009D00H   CODE     NEAR LAB  OTHER_LOADER_PRESENT
*SFR* 000000D0H.2 DATA     BIT       OV
*SFR* 000000D0H   DATA     BIT       P
*SFR* 00000087H   DATA     BYTE      PCON
*SFR* 000000C0H   DATA     BYTE      PROGIO
*SFR* 000000D0H   DATA     BYTE      PSW
      01009CB7H   CODE     NEAR LAB  PUTCHARPARITYBIT
      0100A2FBH   CODE     NEAR LAB  RECEIVE_X_BYTES
*SFR* 00000098H   DATA     BIT       RI
*SFR* 000000D0H.3 DATA     BIT       RS0
*SFR* 000000D0H.4 DATA     BIT       RS1
      01009C59H   CODE     NEAR LAB  S_ALGORITHM_WRITE_BLOCK
      00000062H   DATA     BYTE      SBOX_OFFSET_HI
      00000063H   DATA     BYTE      SBOX_OFFSET_LO
*SFR* 00000099H   DATA     BYTE      SBUF
*SFR* 00000098H   DATA     BYTE      SCON
*SFR* 000000B0H   DATA     BYTE      SECURITYSTATUS
      01009C34H   CODE     NEAR LAB  SEND_SW1_SW2_9000
      01009C36H   CODE     NEAR LAB  SEND_SW1_SW2_ACC_00
      0100A290H   CODE     ---       SENDATR
      0000000FH   DATA     BYTE      SERIAL_CHECKSUM_HI
      00000010H   DATA     BYTE      SERIAL_CHECKSUM_LO
*SFR* 00000088H.1 DATA     BIT       SINT
*SFR* 00000081H   DATA     BYTE      SP
*SFR* 000000D8H   DATA     BYTE      SPSW
*SFR* 00000088H   DATA     BIT       SSINT
      00000018H   DATA     BYTE      SW2
*SFR* 00000088H   DATA     BYTE      TCON
*SFR* 00000088H.5 DATA     BIT       TF0
*SFR* 00000088H.7 DATA     BIT       TF1
*SFR* 0000008CH   DATA     BYTE      TH0
*SFR* 0000008DH   DATA     BYTE      TH1
*SFR* 00000098H.1 DATA     BIT       TI
*SFR* 0000008AH   DATA     BYTE      TL0
*SFR* 0000008BH   DATA     BYTE      TL1
*SFR* 00000089H   DATA     BYTE      TMOD
*SFR* 00000088H.4 DATA     BIT       TR0
*SFR* 00000088H.6 DATA     BIT       TR1
*SFR* 00000088H.1 DATA     BIT       USINT
      00000072H   DATA     BYTE      VARIABLE_FOR_ADDRESS_CHECKING
      00000073H   DATA     BYTE      VARIABLE_FOR_LENGTH_CHECKING
      01009C96H   CODE     NEAR LAB  WRITE_RECEIVED_AND_POSSIBLY_DECRYPTED_BYTE_TO_NVM_AND_SETUP_FOR_NEXT_LOOP



SYMBOL TABLE OF MODULE:  TT40_Bootloader_Full_PRODUCTION25K (TT40_CORE_BOOTLOADER)

      VALUE       REP       CLASS    TYPE      SYMBOL NAME
      ====================================================
      ---         MODULE    ---      ---       TT40_CORE_BOOTLOADER
      000001DEH   PUBLIC    NUMBER   ---       _FIRMWARE_SET_CLOCK
      01009CB7H   PUBLIC    CODE     NEAR LAB  _PUTCHARPARITYBIT
      00000071H   PUBLIC    DATA     BYTE      ACTUAL_BULK_CKS_HIGH
      00000070H   PUBLIC    DATA     BYTE      ACTUAL_BULK_CKS_LOW
      01009CA6H   PUBLIC    CODE     NEAR LAB  ADD_TO_SERIAL_CHECKSUM_POSSIBLY_DECRYPT
      00000013H   PUBLIC    DATA     BYTE      APDU_CLA
      00000014H   PUBLIC    DATA     BYTE      APDU_INS
      00000015H   PUBLIC    DATA     BYTE      APDU_P1
      00000016H   PUBLIC    DATA     BYTE      APDU_P2
      00000017H   PUBLIC    DATA     BYTE      APDU_P3
      01009C4FH   PUBLIC    CODE     NEAR LAB  CHANGE_DIVISOR_RATE
      01009C00H   PUBLIC    CODE     NEAR LAB  CORE_BOOTLOADER_ENTRY
      01009C1AH   PUBLIC    CODE     NEAR LAB  CORE_BOOTLOADER_GET_COMMAND
      00000011H   PUBLIC    DATA     BYTE      DATA_BLOCK_SIZE
LX51 LINKER/LOCATER V4.10                                                             10/26/2007  17:25:29  PAGE 5


      01009CB0H   PUBLIC    CODE     NEAR LAB  DECRYPT_ACC_IF_ENCRYPTION_SELECTED
      0000000CH   PUBLIC    DATA     BYTE      DESIRED_MEMORY_VALUE
      0000000AH   PUBLIC    DATA     BYTE      DESIRED_SERIAL_CHECKSUM_HI
      0000000BH   PUBLIC    DATA     BYTE      DESIRED_SERIAL_CHECKSUM_LO
      00000020H.0 PUBLIC    BIT      BIT       ENCRYTED_DATA
      01009CA4H   PUBLIC    CODE     NEAR LAB  GET_BYTE__POSSIBLY_DECRYPT__ADD_TO_RECEIVE_CHECKSUM
      01009CD6H   PUBLIC    CODE     NEAR LAB  GETCHAR
      00000012H   PUBLIC    DATA     BYTE      LOOP_COUNTER
      01009C47H   PUBLIC    CODE     NEAR LAB  MASS_ERASE_UCM__BOOTLOADER_SAFE
      00000028H   PUBLIC    IDATA    BYTE      MISC_BUFFER
      01009D00H   PUBLIC    CODE     NEAR LAB  OTHER_LOADER_PRESENT
      01009CB7H   PUBLIC    CODE     NEAR LAB  PUTCHARPARITYBIT
      01009C59H   PUBLIC    CODE     NEAR LAB  S_ALGORITHM_WRITE_BLOCK
      00000062H   PUBLIC    DATA     BYTE      SBOX_OFFSET_HI
      00000063H   PUBLIC    DATA     BYTE      SBOX_OFFSET_LO
      01009C34H   PUBLIC    CODE     NEAR LAB  SEND_SW1_SW2_9000
      01009C36H   PUBLIC    CODE     NEAR LAB  SEND_SW1_SW2_ACC_00
      0000000FH   PUBLIC    DATA     BYTE      SERIAL_CHECKSUM_HI
      00000010H   PUBLIC    DATA     BYTE      SERIAL_CHECKSUM_LO
      00000018H   PUBLIC    DATA     BYTE      SW2
      00000072H   PUBLIC    DATA     BYTE      VARIABLE_FOR_ADDRESS_CHECKING
      00000073H   PUBLIC    DATA     BYTE      VARIABLE_FOR_LENGTH_CHECKING
      01009C96H   PUBLIC    CODE     NEAR LAB  WRITE_RECEIVED_AND_POSSIBLY_DECRYPTED_BYTE_TO_NVM_AND_SETUP_FOR_NEXT_LOOP
>> 
      000000E0H   SFRSYM    DATA     BYTE      ACC
      000000F0H   SFRSYM    DATA     BYTE      B
      00000083H   SFRSYM    DATA     BYTE      DPH
      00000083H   SFRSYM    DATA     BYTE      DPH0
      00000085H   SFRSYM    DATA     BYTE      DPH1
      00000082H   SFRSYM    DATA     BYTE      DPL
      00000082H   SFRSYM    DATA     BYTE      DPL0
      00000084H   SFRSYM    DATA     BYTE      DPL1
      00000086H   SFRSYM    DATA     BYTE      DPS
      00000093H   SFRSYM    DATA     BYTE      DPX
      00000093H   SFRSYM    DATA     BYTE      DPX0
      00000095H   SFRSYM    DATA     BYTE      DPX1
      000000A8H   SFRSYM    DATA     BYTE      IE
      000000B8H   SFRSYM    DATA     BYTE      IP
      000000B2H   SFRSYM    DATA     BYTE      ISOCON
      000000B4H   SFRSYM    DATA     BYTE      ISOTMR
      000000A2H   SFRSYM    DATA     BYTE      MPTR
      00000080H   SFRSYM    DATA     BYTE      NVFSMCON
      000000C9H   SFRSYM    DATA     BYTE      NVFSMMODE
      00000087H   SFRSYM    DATA     BYTE      PCON
      000000C0H   SFRSYM    DATA     BYTE      PROGIO
      000000D0H   SFRSYM    DATA     BYTE      PSW
      00000098H   SFRSYM    DATA     BIT       RI
      00000099H   SFRSYM    DATA     BYTE      SBUF
      00000098H   SFRSYM    DATA     BYTE      SCON
      000000B0H   SFRSYM    DATA     BYTE      SECURITYSTATUS
      00000081H   SFRSYM    DATA     BYTE      SP
      00000088H   SFRSYM    DATA     BYTE      TCON
      0000008CH   SFRSYM    DATA     BYTE      TH0
      00000098H.1 SFRSYM    DATA     BIT       TI
      0000008AH   SFRSYM    DATA     BYTE      TL0
      00000089H   SFRSYM    DATA     BYTE      TMOD
      01009C00H   SYMBOL    CODE     NEAR LAB  _CORE_BOOTLOADER_ENTRY
      000001F6H   SYMBOL    NUMBER   ---       _FIRMWARE_GET_KEY_STATUS
      000001F8H   SYMBOL    NUMBER   ---       _FIRMWARE_INIT_KEY_FOR_ENCRYPTION
      000001F4H   SYMBOL    NUMBER   ---       _FIRMWARE_SET_KEY
      000001FAH   SYMBOL    NUMBER   ---       _FIRMWARE_TRANSLATE_BYTE_IN_ACC
      01009CBAH   SYMBOL    CODE     NEAR LAB  _PUTCHAR_VALUE_IN_ACC
      0000000DH   SYMBOL    DATA     BYTE      ACTUAL_MEMORY_CHECKSUM_HI
      0000000EH   SYMBOL    DATA     BYTE      ACTUAL_MEMORY_CHECKSUM_LO
      00000008H   SYMBOL    DATA     BYTE      ACTUAL_SERIAL_CHECKSUM_HI
LX51 LINKER/LOCATER V4.10                                                             10/26/2007  17:25:29  PAGE 6


      00000009H   SYMBOL    DATA     BYTE      ACTUAL_SERIAL_CHECKSUM_LO
      01009CAFH   SYMBOL    CODE     NEAR LAB  ADD_TO_SERIAL_CHECKSUM_NO_OVERFLOW
      00000040H   SYMBOL    DATA     BYTE      ALREADY_USED_LOWER
      00000030H   SYMBOL    DATA     BYTE      ALREADY_USED_UPPER
      000000E5H   SYMBOL    NUMBER   ---       CLA_EMOSYN
      00000051H   SYMBOL    NUMBER   ---       CMD_CHANGE_BLOCK_SIZE
      00000012H   SYMBOL    NUMBER   ---       CMD_CHANGE_DIVIDOR_RATE
      00000055H   SYMBOL    NUMBER   ---       CMD_CHANGE_TO_60MHZ
      00000030H   SYMBOL    NUMBER   ---       CMD_MASS_ERASE_UCM_BOOTLOADER_SAFE
      00000065H   SYMBOL    NUMBER   ---       CMD_RECEIVE_KEY
      00000059H   SYMBOL    NUMBER   ---       CMD_SET_CLR_CD_BIT_IN_NVFSMCON
      00000050H   SYMBOL    NUMBER   ---       CMD_WRITE_UCM
      00000060H   SYMBOL    NUMBER   ---       CMD_WRITE_UCM_ENCRYPTED
      01009C28H   SYMBOL    CODE     NEAR LAB  CORE_BOOTLOADER__CHANGE_DIVISOR_RATE
      01009C2FH   SYMBOL    CODE     NEAR LAB  CORE_BOOTLOADER__MASS_ERASE_UCM
      01009C1CH   SYMBOL    CODE     NEAR LAB  CORE_BOOTLOADER__S_ALGORITHM__WRITE_UCM_BLOCK
      00000040H   SYMBOL    NUMBER   ---       DEFAULT_BLOCK_SIZE
      00000000H   SYMBOL    NUMBER   ---       DEVICE_ID_HIGH
      00000080H   SYMBOL    NUMBER   ---       DEVICE_ID_LOW
      01009C7EH   SYMBOL    CODE     NEAR LAB  DONT_INC_ACTUAL_MEMORY_CHECKSUM_HI
      01009C98H   SYMBOL    CODE     NEAR LAB  DONT_INC_DESIRED_MEMORY_CHECKSUM_HI
      00000001H   SYMBOL    NUMBER   ---       ENCRYPTION_KEY
      000001FCH   SYMBOL    NUMBER   ---       FIRMWARE_CLEAR_SBOX_OFFSET
      000001ECH   SYMBOL    NUMBER   ---       FIRMWARE_ERASE_PAGE_UCM
      000001D0H   SYMBOL    NUMBER   ---       FIRMWARE_ERASE_UCM_BLOCKS
      000001DAH   SYMBOL    NUMBER   ---       FIRMWARE_GET_CHIP_ID
      000001E2H   SYMBOL    NUMBER   ---       FIRMWARE_GET_CLOCKCONTROL
      000001E0H   SYMBOL    NUMBER   ---       FIRMWARE_GET_CLOCKSOURCE
      000001DCH   SYMBOL    NUMBER   ---       FIRMWARE_GET_FIRMWARE_VERSION
      000001F6H   SYMBOL    NUMBER   ---       FIRMWARE_GET_KEY_STATUS
      000001F8H   SYMBOL    NUMBER   ---       FIRMWARE_INIT_KEY_FOR_ENCRYPTION
      000001DEH   SYMBOL    NUMBER   ---       FIRMWARE_SET_CLOCK
      000001CEH   SYMBOL    NUMBER   ---       FIRMWARE_SET_CLOCK_TRIM
      000001D6H   SYMBOL    NUMBER   ---       FIRMWARE_SET_EXECUTE_ONLY_STATUS
      000001F4H   SYMBOL    NUMBER   ---       FIRMWARE_SET_KEY
      000001D8H   SYMBOL    NUMBER   ---       FIRMWARE_SET_PROTECTION_STATUS
      000001D2H   SYMBOL    NUMBER   ---       FIRMWARE_SET_SECURITYACTION
      000001D4H   SYMBOL    NUMBER   ---       FIRMWARE_SET_SECURITYMASK
      000001FAH   SYMBOL    NUMBER   ---       FIRMWARE_TRANSLATE_BYTE_IN_ACC
      0000003FH   SYMBOL    NUMBER   ---       INS_BACKUP_CORE_BL
      000000A8H   SYMBOL    NUMBER   ---       INS_BULK_MEMORY_CHECKSUM_CODE
      000000A4H   SYMBOL    NUMBER   ---       INS_BULK_MEMORY_CHECKSUM_XDATA
      00000012H   SYMBOL    NUMBER   ---       INS_CHANGE_DIVIDOR_RATE
      00000036H   SYMBOL    NUMBER   ---       INS_ERASE_UCM_PAGE_CODE
      0000003CH   SYMBOL    NUMBER   ---       INS_ERASE_UCM_PAGE_XDATA
      00000034H   SYMBOL    NUMBER   ---       INS_GET_CHIP_ID
      00000032H   SYMBOL    NUMBER   ---       INS_GET_FIRMWARE_VERSION
      000000A2H   SYMBOL    NUMBER   ---       INS_LOAD_KEY
      00000030H   SYMBOL    NUMBER   ---       INS_MASS_ERASE_UCM_BOOTLOADER_SAFE
      00000038H   SYMBOL    NUMBER   ---       INS_READ_UCM_PAGE_CODE
      0000003AH   SYMBOL    NUMBER   ---       INS_READ_UCM_PAGE_XDATA
      00000056H   SYMBOL    NUMBER   ---       INS_SET_CLOCK
      00000058H   SYMBOL    NUMBER   ---       INS_SET_CLR_CD_BIT_IN_NVFSMCON
      000000A0H   SYMBOL    NUMBER   ---       INS_WRITE_UCM_BLOCK
      000000A6H   SYMBOL    NUMBER   ---       INS_WRITE_UCM_BLOCK_ENCRYPTED
      01009C41H   SYMBOL    CODE     NEAR LAB  ISO_CMD
      01009CB6H   SYMBOL    CODE     NEAR LAB  NOT_DECRYPTING_THE_BYTE
      01009C81H   SYMBOL    CODE     NEAR LAB  OUTPUT_CHECKSUMS
      01009CD1H   SYMBOL    CODE     NEAR LAB  PUTCHAR_DONE
      01009CBAH   SYMBOL    CODE     NEAR LAB  PUTCHAR_VALUE_IN_ACC
      01009C74H   SYMBOL    CODE     NEAR LAB  S_ALGORITHM_WRITE_BLOCK_LOOP__UCM_RECEIVING_AND_WRITING_LOOP
      01009C6EH   SYMBOL    CODE     NEAR LAB  S_ALGORITHM_WRITE_BLOCK_WITHOUT_RECEIVING_ADDRESS
      00000050H   SYMBOL    DATA     BYTE      SBOX_IDATA
      00000064H   SYMBOL    DATA     BYTE      SBOX_OFFSET_HI_NEW
      00000065H   SYMBOL    DATA     BYTE      SBOX_OFFSET_LO_NEW
LX51 LINKER/LOCATER V4.10                                                             10/26/2007  17:25:29  PAGE 7


      00000061H   SYMBOL    DATA     BYTE      SEED_BYTE_LOWER
      00000060H   SYMBOL    DATA     BYTE      SEED_BYTE_UPPER
      01009C25H   SYMBOL    CODE     NEAR LAB  SUB_JUMP_TO_OTHER_LOADER_PRESENT
      00000000H   SYMBOL    NUMBER   ---       TRANSPORT_KEY

      01009C00H   BLOCK     CODE     NEAR LAB  LVL=0
      01009C00H   LINE      CODE     ---       #205
      01009C03H   LINE      CODE     ---       #206
      01009C06H   LINE      CODE     ---       #207
      01009C09H   LINE      CODE     ---       #210
      01009C0BH   LINE      CODE     ---       #211
      01009C0DH   LINE      CODE     ---       #216
      01009C10H   LINE      CODE     ---       #217
      01009C11H   LINE      CODE     ---       #218
      01009C13H   LINE      CODE     ---       #219
      01009C14H   LINE      CODE     ---       #220
      01009C17H   LINE      CODE     ---       #223
      01009C18H   LINE      CODE     ---       #224
      01009C1AH   LINE      CODE     ---       #229
      01009C1CH   LINE      CODE     ---       #234
      01009C1FH   LINE      CODE     ---       #235
      01009C21H   LINE      CODE     ---       #237
      01009C23H   LINE      CODE     ---       #239
      01009C25H   LINE      CODE     ---       #244
      01009C28H   LINE      CODE     ---       #248
      01009C2BH   LINE      CODE     ---       #249
      01009C2DH   LINE      CODE     ---       #251
      01009C2FH   LINE      CODE     ---       #255
      01009C32H   LINE      CODE     ---       #257
      01009C34H   LINE      CODE     ---       #260
      01009C36H   LINE      CODE     ---       #262
      01009C38H   LINE      CODE     ---       #263
      01009C3AH   LINE      CODE     ---       #264
      01009C3CH   LINE      CODE     ---       #265
      01009C3FH   LINE      CODE     ---       #266
      01009C41H   LINE      CODE     ---       #270
      01009C44H   LINE      CODE     ---       #271
      01009C47H   LINE      CODE     ---       #277
      01009C49H   LINE      CODE     ---       #278
      01009C4BH   LINE      CODE     ---       #280
      01009C4EH   LINE      CODE     ---       #283
      01009C4FH   LINE      CODE     ---       #319
      01009C51H   LINE      CODE     ---       #320
      01009C52H   LINE      CODE     ---       #321
      01009C54H   LINE      CODE     ---       #322
      01009C56H   LINE      CODE     ---       #323
      01009C58H   LINE      CODE     ---       #324
      01009C59H   LINE      CODE     ---       #331
      01009C5AH   LINE      CODE     ---       #332
      01009C5CH   LINE      CODE     ---       #333
      01009C5EH   LINE      CODE     ---       #334
      01009C60H   LINE      CODE     ---       #335
      01009C62H   LINE      CODE     ---       #336
      01009C64H   LINE      CODE     ---       #341
      01009C66H   LINE      CODE     ---       #343
      01009C68H   LINE      CODE     ---       #344
      01009C6AH   LINE      CODE     ---       #346
      01009C6CH   LINE      CODE     ---       #347
      01009C6EH   LINE      CODE     ---       #351
      01009C71H   LINE      CODE     ---       #352
      01009C74H   LINE      CODE     ---       #355
      01009C76H   LINE      CODE     ---       #356
      01009C78H   LINE      CODE     ---       #357
      01009C7AH   LINE      CODE     ---       #358
      01009C7CH   LINE      CODE     ---       #359
LX51 LINKER/LOCATER V4.10                                                             10/26/2007  17:25:29  PAGE 8


      01009C7EH   LINE      CODE     ---       #362
      01009C81H   LINE      CODE     ---       #367
      01009C83H   LINE      CODE     ---       #368
      01009C85H   LINE      CODE     ---       #369
      01009C87H   LINE      CODE     ---       #371
      01009C89H   LINE      CODE     ---       #372
      01009C8BH   LINE      CODE     ---       #373
      01009C8DH   LINE      CODE     ---       #375
      01009C8FH   LINE      CODE     ---       #376
      01009C91H   LINE      CODE     ---       #377
      01009C93H   LINE      CODE     ---       #378
      01009C95H   LINE      CODE     ---       #380
      01009C96H   LINE      CODE     ---       #390
      01009C98H   LINE      CODE     ---       #408
      01009C99H   LINE      CODE     ---       #409
      01009C9CH   LINE      CODE     ---       #410
      01009C9FH   LINE      CODE     ---       #411
      01009CA1H   LINE      CODE     ---       #413
      01009CA2H   LINE      CODE     ---       #414
      01009CA3H   LINE      CODE     ---       #415
      01009CA4H   LINE      CODE     ---       #422
      01009CA6H   LINE      CODE     ---       #424
      01009CA7H   LINE      CODE     ---       #425
      01009CA9H   LINE      CODE     ---       #426
      01009CABH   LINE      CODE     ---       #427
      01009CADH   LINE      CODE     ---       #428
      01009CAFH   LINE      CODE     ---       #430
      01009CB0H   LINE      CODE     ---       #432
      01009CB3H   LINE      CODE     ---       #435
      01009CB6H   LINE      CODE     ---       #443
      01009CB7H   LINE      CODE     ---       #448
      01009CB9H   LINE      CODE     ---       #449
      01009CBAH   LINE      CODE     ---       #454
      01009CBCH   LINE      CODE     ---       #456
      01009CBFH   LINE      CODE     ---       #458
      01009CC2H   LINE      CODE     ---       #459
      01009CC4H   LINE      CODE     ---       #461
      01009CC6H   LINE      CODE     ---       #462
      01009CC9H   LINE      CODE     ---       #464
      01009CCBH   LINE      CODE     ---       #465
      01009CCEH   LINE      CODE     ---       #466
      01009CD1H   LINE      CODE     ---       #468
      01009CD3H   LINE      CODE     ---       #469
      01009CD5H   LINE      CODE     ---       #470
      01009CD6H   LINE      CODE     ---       #476
      01009CD9H   LINE      CODE     ---       #477
      01009CDBH   LINE      CODE     ---       #478
      01009CDDH   LINE      CODE     ---       #479
      ---         BLOCKEND  ---      ---       LVL=0

      ---         MODULE    ---      ---       TT40_NORMAL_BOOTLOADER
      000001F6H   PUBLIC    NUMBER   ---       _FIRMWARE_GET_KEY_STATUS
      000001F8H   PUBLIC    NUMBER   ---       _FIRMWARE_INIT_KEY_FOR_ENCRYPTION
      000001F4H   PUBLIC    NUMBER   ---       _FIRMWARE_SET_KEY
      01009D2CH   PUBLIC    CODE     NEAR LAB  NORMAL_BOOTLOADER__GET_COMMAND
      01009D2FH   PUBLIC    CODE     NEAR LAB  NORMAL_BOOTLOADER__GOT_COMMAND
      01009D71H   PUBLIC    CODE     NEAR LAB  NORMAL_BOOTLOADER__LOAD_KEY_AND_GENERATE_SBOX
      01009DBCH   PUBLIC    CODE     NEAR LAB  NORMAL_BOOTLOADER__MASS_ERASE_UCM__BOOTLOADER_SAFE
      01009DBFH   PUBLIC    CODE     NEAR LAB  NORMAL_BOOTLOADER__SEND_SW1_SW2_9000
      01009DC1H   PUBLIC    CODE     NEAR LAB  NORMAL_BOOTLOADER__SEND_SW1_SW2_ACC_00
      0100A2FBH   PUBLIC    CODE     NEAR LAB  RECEIVE_X_BYTES
      000000E0H   SFRSYM    DATA     BYTE      ACC
      000000F0H   SFRSYM    DATA     BYTE      B
      00000083H   SFRSYM    DATA     BYTE      DPH
      00000083H   SFRSYM    DATA     BYTE      DPH0
LX51 LINKER/LOCATER V4.10                                                             10/26/2007  17:25:29  PAGE 9


      00000085H   SFRSYM    DATA     BYTE      DPH1
      00000082H   SFRSYM    DATA     BYTE      DPL
      00000082H   SFRSYM    DATA     BYTE      DPL0
      00000084H   SFRSYM    DATA     BYTE      DPL1
      00000086H   SFRSYM    DATA     BYTE      DPS
      00000093H   SFRSYM    DATA     BYTE      DPX
      00000093H   SFRSYM    DATA     BYTE      DPX0
      00000095H   SFRSYM    DATA     BYTE      DPX1
      000000A8H   SFRSYM    DATA     BYTE      IE
      000000B8H   SFRSYM    DATA     BYTE      IP
      000000B2H   SFRSYM    DATA     BYTE      ISOCON
      000000B4H   SFRSYM    DATA     BYTE      ISOTMR
      000000A2H   SFRSYM    DATA     BYTE      MPTR
      00000080H   SFRSYM    DATA     BYTE      NVFSMCON
      000000C9H   SFRSYM    DATA     BYTE      NVFSMMODE
      00000087H   SFRSYM    DATA     BYTE      PCON
      000000C0H   SFRSYM    DATA     BYTE      PROGIO
      000000D0H   SFRSYM    DATA     BYTE      PSW
      00000098H   SFRSYM    DATA     BIT       RI
      00000099H   SFRSYM    DATA     BYTE      SBUF
      00000098H   SFRSYM    DATA     BYTE      SCON
      000000B0H   SFRSYM    DATA     BYTE      SECURITYSTATUS
      00000081H   SFRSYM    DATA     BYTE      SP
      00000088H   SFRSYM    DATA     BYTE      TCON
      0000008CH   SFRSYM    DATA     BYTE      TH0
      00000098H.1 SFRSYM    DATA     BIT       TI
      0000008AH   SFRSYM    DATA     BYTE      TL0
      00000089H   SFRSYM    DATA     BYTE      TMOD
      000001DEH   SYMBOL    NUMBER   ---       _FIRMWARE_SET_CLOCK
      000001FAH   SYMBOL    NUMBER   ---       _FIRMWARE_TRANSLATE_BYTE_IN_ACC
      000000E5H   SYMBOL    NUMBER   ---       CLA_EMOSYN
      00000051H   SYMBOL    NUMBER   ---       CMD_CHANGE_BLOCK_SIZE
      00000012H   SYMBOL    NUMBER   ---       CMD_CHANGE_DIVIDOR_RATE
      00000055H   SYMBOL    NUMBER   ---       CMD_CHANGE_TO_60MHZ
      00000030H   SYMBOL    NUMBER   ---       CMD_MASS_ERASE_UCM_BOOTLOADER_SAFE
      00000065H   SYMBOL    NUMBER   ---       CMD_RECEIVE_KEY
      00000059H   SYMBOL    NUMBER   ---       CMD_SET_CLR_CD_BIT_IN_NVFSMCON
      00000050H   SYMBOL    NUMBER   ---       CMD_WRITE_UCM
      00000060H   SYMBOL    NUMBER   ---       CMD_WRITE_UCM_ENCRYPTED
      00000040H   SYMBOL    NUMBER   ---       DEFAULT_BLOCK_SIZE
      00000000H   SYMBOL    NUMBER   ---       DEVICE_ID_HIGH
      00000080H   SYMBOL    NUMBER   ---       DEVICE_ID_LOW
      00000001H   SYMBOL    NUMBER   ---       ENCRYPTION_KEY
      01009D91H   SYMBOL    CODE     NEAR LAB  EXIT_WITH_ERROR
      000001FCH   SYMBOL    NUMBER   ---       FIRMWARE_CLEAR_SBOX_OFFSET
      000001ECH   SYMBOL    NUMBER   ---       FIRMWARE_ERASE_PAGE_UCM
      000001D0H   SYMBOL    NUMBER   ---       FIRMWARE_ERASE_UCM_BLOCKS
      000001DAH   SYMBOL    NUMBER   ---       FIRMWARE_GET_CHIP_ID
      000001E2H   SYMBOL    NUMBER   ---       FIRMWARE_GET_CLOCKCONTROL
      000001E0H   SYMBOL    NUMBER   ---       FIRMWARE_GET_CLOCKSOURCE
      000001DCH   SYMBOL    NUMBER   ---       FIRMWARE_GET_FIRMWARE_VERSION
      000001F6H   SYMBOL    NUMBER   ---       FIRMWARE_GET_KEY_STATUS
      000001F8H   SYMBOL    NUMBER   ---       FIRMWARE_INIT_KEY_FOR_ENCRYPTION
      000001DEH   SYMBOL    NUMBER   ---       FIRMWARE_SET_CLOCK
      000001CEH   SYMBOL    NUMBER   ---       FIRMWARE_SET_CLOCK_TRIM
      000001D6H   SYMBOL    NUMBER   ---       FIRMWARE_SET_EXECUTE_ONLY_STATUS
      000001F4H   SYMBOL    NUMBER   ---       FIRMWARE_SET_KEY
      000001D8H   SYMBOL    NUMBER   ---       FIRMWARE_SET_PROTECTION_STATUS
      000001D2H   SYMBOL    NUMBER   ---       FIRMWARE_SET_SECURITYACTION
      000001D4H   SYMBOL    NUMBER   ---       FIRMWARE_SET_SECURITYMASK
      000001FAH   SYMBOL    NUMBER   ---       FIRMWARE_TRANSLATE_BYTE_IN_ACC
      0000003FH   SYMBOL    NUMBER   ---       INS_BACKUP_CORE_BL
      000000A8H   SYMBOL    NUMBER   ---       INS_BULK_MEMORY_CHECKSUM_CODE
      000000A4H   SYMBOL    NUMBER   ---       INS_BULK_MEMORY_CHECKSUM_XDATA
      00000012H   SYMBOL    NUMBER   ---       INS_CHANGE_DIVIDOR_RATE
LX51 LINKER/LOCATER V4.10                                                             10/26/2007  17:25:29  PAGE 10


      00000036H   SYMBOL    NUMBER   ---       INS_ERASE_UCM_PAGE_CODE
      0000003CH   SYMBOL    NUMBER   ---       INS_ERASE_UCM_PAGE_XDATA
      00000034H   SYMBOL    NUMBER   ---       INS_GET_CHIP_ID
      00000032H   SYMBOL    NUMBER   ---       INS_GET_FIRMWARE_VERSION
      000000A2H   SYMBOL    NUMBER   ---       INS_LOAD_KEY
      00000030H   SYMBOL    NUMBER   ---       INS_MASS_ERASE_UCM_BOOTLOADER_SAFE
      00000038H   SYMBOL    NUMBER   ---       INS_READ_UCM_PAGE_CODE
      0000003AH   SYMBOL    NUMBER   ---       INS_READ_UCM_PAGE_XDATA
      00000056H   SYMBOL    NUMBER   ---       INS_SET_CLOCK
      00000058H   SYMBOL    NUMBER   ---       INS_SET_CLR_CD_BIT_IN_NVFSMCON
      000000A0H   SYMBOL    NUMBER   ---       INS_WRITE_UCM_BLOCK
      000000A6H   SYMBOL    NUMBER   ---       INS_WRITE_UCM_BLOCK_ENCRYPTED
      01009D15H   SYMBOL    CODE     NEAR LAB  IS_THIS_A_PTS
      01009D2FH   SYMBOL    CODE     NEAR LAB  ISO_CMD
      01009D75H   SYMBOL    CODE     NEAR LAB  LOAD_KEY_FOR_NORMAL_BL
      01009D60H   SYMBOL    CODE     NEAR LAB  LOAD_UCM_OK
      01009DAEH   SYMBOL    CODE     NEAR LAB  NORMAL_BOOTLOADER__CHANGE_DATA_BLOCK_SIZE
      01009D98H   SYMBOL    CODE     NEAR LAB  NORMAL_BOOTLOADER__CHANGE_DIVISOR_RATE
      01009DA0H   SYMBOL    CODE     NEAR LAB  NORMAL_BOOTLOADER__CHANGE_TO_60_MHZ
      01009DB9H   SYMBOL    CODE     NEAR LAB  NORMAL_BOOTLOADER__MASS_ERASE_UCM
      01009D6EH   SYMBOL    CODE     NEAR LAB  NORMAL_BOOTLOADER__RECEIVE_KEY
      01009D67H   SYMBOL    CODE     NEAR LAB  NORMAL_BOOTLOADER__S_ALGORITHM__WRITE_ENCRYPTED_NVM_BLOCK_MAX256
      01009D35H   SYMBOL    CODE     NEAR LAB  NORMAL_BOOTLOADER__S_ALGORITHM__WRITE_NVM_BLOCK_MAX256
      01009D4DH   SYMBOL    CODE     NEAR LAB  RECEIVE_ALL_BYTES
      01009D18H   SYMBOL    CODE     NEAR LAB  RECEIVE_PPS
      01009D62H   SYMBOL    CODE     NEAR LAB  S_ALGORITHM_DIRECT_ENTRY_POINT
      01009D0FH   SYMBOL    CODE     NEAR LAB  SEND_ATR_NORMAL_BL
      00000000H   SYMBOL    NUMBER   ---       TRANSPORT_KEY
      01009DCFH   SYMBOL    CODE     NEAR LAB  WRONG_CLASS

      01009D00H   BLOCK     CODE     NEAR LAB  LVL=0
      01009D00H   LINE      CODE     ---       #92
      01009D03H   LINE      CODE     ---       #97
      01009D05H   LINE      CODE     ---       #99
      01009D08H   LINE      CODE     ---       #104
      01009D09H   LINE      CODE     ---       #105
      01009D0CH   LINE      CODE     ---       #110
      01009D0FH   LINE      CODE     ---       #117
      01009D12H   LINE      CODE     ---       #126
      01009D15H   LINE      CODE     ---       #134
      01009D18H   LINE      CODE     ---       #144
      01009D1BH   LINE      CODE     ---       #145
      01009D1DH   LINE      CODE     ---       #146
      01009D20H   LINE      CODE     ---       #147
      01009D22H   LINE      CODE     ---       #148
      01009D25H   LINE      CODE     ---       #149
      01009D27H   LINE      CODE     ---       #151
      01009D29H   LINE      CODE     ---       #152
      01009D2CH   LINE      CODE     ---       #157
      01009D2FH   LINE      CODE     ---       #185
      01009D32H   LINE      CODE     ---       #186
      01009D35H   LINE      CODE     ---       #190
      01009D38H   LINE      CODE     ---       #194
      01009D3AH   LINE      CODE     ---       #198
      01009D3DH   LINE      CODE     ---       #201
      01009D3EH   LINE      CODE     ---       #202
      01009D41H   LINE      CODE     ---       #204
      01009D44H   LINE      CODE     ---       #206
      01009D47H   LINE      CODE     ---       #207
      01009D4AH   LINE      CODE     ---       #208
      01009D4DH   LINE      CODE     ---       #210
      01009D50H   LINE      CODE     ---       #211
      01009D53H   LINE      CODE     ---       #212
      01009D54H   LINE      CODE     ---       #214
      01009D57H   LINE      CODE     ---       #215
LX51 LINKER/LOCATER V4.10                                                             10/26/2007  17:25:29  PAGE 11


      01009D5AH   LINE      CODE     ---       #216
      01009D5DH   LINE      CODE     ---       #217
      01009D60H   LINE      CODE     ---       #222
      01009D62H   LINE      CODE     ---       #225
      01009D65H   LINE      CODE     ---       #226
      01009D67H   LINE      CODE     ---       #232
      01009D6AH   LINE      CODE     ---       #233
      01009D6CH   LINE      CODE     ---       #234
      01009D6EH   LINE      CODE     ---       #239
      01009D71H   LINE      CODE     ---       #244
      01009D73H   LINE      CODE     ---       #245
      01009D75H   LINE      CODE     ---       #247
      01009D78H   LINE      CODE     ---       #248
      01009D79H   LINE      CODE     ---       #249
      01009D7AH   LINE      CODE     ---       #250
      01009D7CH   LINE      CODE     ---       #257
      01009D7EH   LINE      CODE     ---       #259
      01009D81H   LINE      CODE     ---       #263
      01009D82H   LINE      CODE     ---       #264
      01009D85H   LINE      CODE     ---       #269
      01009D87H   LINE      CODE     ---       #270
      01009D89H   LINE      CODE     ---       #272
      01009D8CH   LINE      CODE     ---       #273
      01009D8FH   LINE      CODE     ---       #281
      01009D91H   LINE      CODE     ---       #285
      01009D93H   LINE      CODE     ---       #286
      01009D96H   LINE      CODE     ---       #287
      01009D98H   LINE      CODE     ---       #291
      01009D9BH   LINE      CODE     ---       #292
      01009D9EH   LINE      CODE     ---       #293
      01009DA0H   LINE      CODE     ---       #298
      01009DA3H   LINE      CODE     ---       #301
      01009DA4H   LINE      CODE     ---       #302
      01009DA5H   LINE      CODE     ---       #303
      01009DA6H   LINE      CODE     ---       #304
      01009DA8H   LINE      CODE     ---       #305
      01009DABH   LINE      CODE     ---       #307
      01009DAEH   LINE      CODE     ---       #312
      01009DB1H   LINE      CODE     ---       #313
      01009DB4H   LINE      CODE     ---       #314
      01009DB6H   LINE      CODE     ---       #315
      01009DB9H   LINE      CODE     ---       #320
      01009DBCH   LINE      CODE     ---       #323
      01009DBFH   LINE      CODE     ---       #328
      01009DC1H   LINE      CODE     ---       #331
      01009DC4H   LINE      CODE     ---       #332
      01009DC6H   LINE      CODE     ---       #333
      01009DC9H   LINE      CODE     ---       #335
      01009DCCH   LINE      CODE     ---       #337
      01009DCFH   LINE      CODE     ---       #342
      01009DD2H   LINE      CODE     ---       #343
      01009DD5H   LINE      CODE     ---       #344
      01009DD8H   LINE      CODE     ---       #345
      01009DDBH   LINE      CODE     ---       #346
      01009DDCH   LINE      CODE     ---       #347
      01009DDEH   LINE      CODE     ---       #348
      01009DE0H   LINE      CODE     ---       #349
      ---         BLOCKEND  ---      ---       LVL=0

      0100A2FBH   BLOCK     CODE     NEAR LAB  LVL=0
      0100A2FBH   LINE      CODE     ---       #371
      0100A2FEH   LINE      CODE     ---       #373
      0100A2FFH   LINE      CODE     ---       #374
      0100A300H   LINE      CODE     ---       #375
      0100A301H   LINE      CODE     ---       #376
LX51 LINKER/LOCATER V4.10                                                             10/26/2007  17:25:29  PAGE 12


      0100A303H   LINE      CODE     ---       #377
      ---         BLOCKEND  ---      ---       LVL=0

      ---         MODULE    ---      ---       TT40_APDU_BOOTLOADER
      000001F4H   PUBLIC    NUMBER   ---       FIRMWARE_SET_KEY
      01009DE2H   PUBLIC    CODE     NEAR LAB  ISO_BOOTLOADER__ENTRY_POINT
      000000E0H   SFRSYM    DATA     BYTE      ACC
      000000F0H   SFRSYM    DATA     BYTE      B
      00000083H   SFRSYM    DATA     BYTE      DPH
      00000083H   SFRSYM    DATA     BYTE      DPH0
      00000085H   SFRSYM    DATA     BYTE      DPH1
      00000082H   SFRSYM    DATA     BYTE      DPL
      00000082H   SFRSYM    DATA     BYTE      DPL0
      00000084H   SFRSYM    DATA     BYTE      DPL1
      00000086H   SFRSYM    DATA     BYTE      DPS
      00000093H   SFRSYM    DATA     BYTE      DPX
      00000093H   SFRSYM    DATA     BYTE      DPX0
      00000095H   SFRSYM    DATA     BYTE      DPX1
      000000A8H   SFRSYM    DATA     BYTE      IE
      000000B8H   SFRSYM    DATA     BYTE      IP
      000000B2H   SFRSYM    DATA     BYTE      ISOCON
      000000B4H   SFRSYM    DATA     BYTE      ISOTMR
      000000A2H   SFRSYM    DATA     BYTE      MPTR
      00000080H   SFRSYM    DATA     BYTE      NVFSMCON
      000000C9H   SFRSYM    DATA     BYTE      NVFSMMODE
      00000087H   SFRSYM    DATA     BYTE      PCON
      000000C0H   SFRSYM    DATA     BYTE      PROGIO
      000000D0H   SFRSYM    DATA     BYTE      PSW
      00000098H   SFRSYM    DATA     BIT       RI
      00000099H   SFRSYM    DATA     BYTE      SBUF
      00000098H   SFRSYM    DATA     BYTE      SCON
      000000B0H   SFRSYM    DATA     BYTE      SECURITYSTATUS
      00000081H   SFRSYM    DATA     BYTE      SP
      00000088H   SFRSYM    DATA     BYTE      TCON
      0000008CH   SFRSYM    DATA     BYTE      TH0
      00000098H.1 SFRSYM    DATA     BIT       TI
      0000008AH   SFRSYM    DATA     BYTE      TL0
      00000089H   SFRSYM    DATA     BYTE      TMOD
      000001F6H   SYMBOL    NUMBER   ---       _FIRMWARE_GET_KEY_STATUS
      000001F8H   SYMBOL    NUMBER   ---       _FIRMWARE_INIT_KEY_FOR_ENCRYPTION
      000001DEH   SYMBOL    NUMBER   ---       _FIRMWARE_SET_CLOCK
      000001F4H   SYMBOL    NUMBER   ---       _FIRMWARE_SET_KEY
      000001FAH   SYMBOL    NUMBER   ---       _FIRMWARE_TRANSLATE_BYTE_IN_ACC
      01009EC4H   SYMBOL    CODE     NEAR LAB  ADD_KEY_BYTE_TO_SERIAL_CHECKSUM_NO_OVERFLOW
      01009ECEH   SYMBOL    CODE     NEAR LAB  ADD_KEY_BYTE_TO_SERIAL_CHECKSUM_NO_OVERFLOW1
      01009EE1H   SYMBOL    CODE     NEAR LAB  ADD_KEY_BYTE_TO_SERIAL_CHECKSUM_NO_OVERFLOW2
      01009F9AH   SYMBOL    CODE     NEAR LAB  APDU_NOT_PRESENT
      01009F69H   SYMBOL    CODE     NEAR LAB  BULK_MEMORY_ERROR
      01009EF6H   SYMBOL    CODE     NEAR LAB  CHECKSUM_ERROR_BYTE0
      01009EF9H   SYMBOL    CODE     NEAR LAB  CHECKSUM_ERROR_BYTE1
      000000E5H   SYMBOL    NUMBER   ---       CLA_EMOSYN
      00000051H   SYMBOL    NUMBER   ---       CMD_CHANGE_BLOCK_SIZE
      00000012H   SYMBOL    NUMBER   ---       CMD_CHANGE_DIVIDOR_RATE
      00000055H   SYMBOL    NUMBER   ---       CMD_CHANGE_TO_60MHZ
      00000030H   SYMBOL    NUMBER   ---       CMD_MASS_ERASE_UCM_BOOTLOADER_SAFE
      00000065H   SYMBOL    NUMBER   ---       CMD_RECEIVE_KEY
      00000059H   SYMBOL    NUMBER   ---       CMD_SET_CLR_CD_BIT_IN_NVFSMCON
      00000050H   SYMBOL    NUMBER   ---       CMD_WRITE_UCM
      00000060H   SYMBOL    NUMBER   ---       CMD_WRITE_UCM_ENCRYPTED
      01009E0DH   SYMBOL    CODE     NEAR LAB  DATA_LOADING_ALLOWED
      00000040H   SYMBOL    NUMBER   ---       DEFAULT_BLOCK_SIZE
      00000000H   SYMBOL    NUMBER   ---       DEVICE_ID_HIGH
      00000080H   SYMBOL    NUMBER   ---       DEVICE_ID_LOW
      00000001H   SYMBOL    NUMBER   ---       ENCRYPTION_KEY
      01009E4AH   SYMBOL    CODE     NEAR LAB  ERROR_IN_CHECKSUMS
LX51 LINKER/LOCATER V4.10                                                             10/26/2007  17:25:29  PAGE 13


      000001FCH   SYMBOL    NUMBER   ---       FIRMWARE_CLEAR_SBOX_OFFSET
      000001ECH   SYMBOL    NUMBER   ---       FIRMWARE_ERASE_PAGE_UCM
      000001D0H   SYMBOL    NUMBER   ---       FIRMWARE_ERASE_UCM_BLOCKS
      000001DAH   SYMBOL    NUMBER   ---       FIRMWARE_GET_CHIP_ID
      000001E2H   SYMBOL    NUMBER   ---       FIRMWARE_GET_CLOCKCONTROL
      000001E0H   SYMBOL    NUMBER   ---       FIRMWARE_GET_CLOCKSOURCE
      000001DCH   SYMBOL    NUMBER   ---       FIRMWARE_GET_FIRMWARE_VERSION
      000001F6H   SYMBOL    NUMBER   ---       FIRMWARE_GET_KEY_STATUS
      000001F8H   SYMBOL    NUMBER   ---       FIRMWARE_INIT_KEY_FOR_ENCRYPTION
      000001DEH   SYMBOL    NUMBER   ---       FIRMWARE_SET_CLOCK
      000001CEH   SYMBOL    NUMBER   ---       FIRMWARE_SET_CLOCK_TRIM
      000001D6H   SYMBOL    NUMBER   ---       FIRMWARE_SET_EXECUTE_ONLY_STATUS
      000001D8H   SYMBOL    NUMBER   ---       FIRMWARE_SET_PROTECTION_STATUS
      000001D2H   SYMBOL    NUMBER   ---       FIRMWARE_SET_SECURITYACTION
      000001D4H   SYMBOL    NUMBER   ---       FIRMWARE_SET_SECURITYMASK
      000001FAH   SYMBOL    NUMBER   ---       FIRMWARE_TRANSLATE_BYTE_IN_ACC
      01009E88H   SYMBOL    CODE     NEAR LAB  GET_CHECKSUM
      01009F4CH   SYMBOL    CODE     NEAR LAB  GET_CHIP_ID__LOOP
      00000024H   SYMBOL    DATA     BYTE      INITIAL_ADDRESS_HI
      00000025H   SYMBOL    DATA     BYTE      INITIAL_ADDRESS_LO
      0000003FH   SYMBOL    NUMBER   ---       INS_BACKUP_CORE_BL
      000000A8H   SYMBOL    NUMBER   ---       INS_BULK_MEMORY_CHECKSUM_CODE
      000000A4H   SYMBOL    NUMBER   ---       INS_BULK_MEMORY_CHECKSUM_XDATA
      00000012H   SYMBOL    NUMBER   ---       INS_CHANGE_DIVIDOR_RATE
      00000036H   SYMBOL    NUMBER   ---       INS_ERASE_UCM_PAGE_CODE
      0000003CH   SYMBOL    NUMBER   ---       INS_ERASE_UCM_PAGE_XDATA
      00000034H   SYMBOL    NUMBER   ---       INS_GET_CHIP_ID
      00000032H   SYMBOL    NUMBER   ---       INS_GET_FIRMWARE_VERSION
      000000A2H   SYMBOL    NUMBER   ---       INS_LOAD_KEY
      00000030H   SYMBOL    NUMBER   ---       INS_MASS_ERASE_UCM_BOOTLOADER_SAFE
      00000038H   SYMBOL    NUMBER   ---       INS_READ_UCM_PAGE_CODE
      0000003AH   SYMBOL    NUMBER   ---       INS_READ_UCM_PAGE_XDATA
      00000056H   SYMBOL    NUMBER   ---       INS_SET_CLOCK
      00000058H   SYMBOL    NUMBER   ---       INS_SET_CLR_CD_BIT_IN_NVFSMCON
      000000A0H   SYMBOL    NUMBER   ---       INS_WRITE_UCM_BLOCK
      000000A6H   SYMBOL    NUMBER   ---       INS_WRITE_UCM_BLOCK_ENCRYPTED
      01009E3FH   SYMBOL    CODE     NEAR LAB  ISO_BOOTLOADER__WRITE_UCM_BLOCK__RECEIVING_AND_WRITING_LOOP
      01009F71H   SYMBOL    CODE     NEAR LAB  ISO_CHANGE_DIVISION_RATE
      01009F56H   SYMBOL    CODE     NEAR LAB  ISO_CHECKSUM_BULK_MEMORY_CODE
      01009F3BH   SYMBOL    CODE     NEAR LAB  ISO_GET_CHIP_ID
      01009EABH   SYMBOL    CODE     NEAR LAB  ISO_LOAD_KEY
      01009F35H   SYMBOL    CODE     NEAR LAB  ISO_MASS_ERASE_UCM
      01009F8BH   SYMBOL    CODE     NEAR LAB  ISO_SET_CLOCK
      01009E9FH   SYMBOL    CODE     NEAR LAB  ISO_WRITE_ENCRYPTED_UCM_BLOCK
      01009DEBH   SYMBOL    CODE     NEAR LAB  ISO_WRITE_UCM_BLOCK
      01009E0DH   SYMBOL    CODE     NEAR LAB  ISO_WRITE_UCM_BLOCK_DIRECT_ENTRY_POINT
      01009EB0H   SYMBOL    CODE     NEAR LAB  JUMP_TO_MASS_ERASE
      01009E5CH   SYMBOL    CODE     NEAR LAB  KEY_DOWNLOAD_ERROR
      01009F2DH   SYMBOL    CODE     NEAR LAB  KEY_ERROR
      01009F21H   SYMBOL    CODE     NEAR LAB  KEY_LOADING_NOT_SUCCESSFULL
      01009F1BH   SYMBOL    CODE     NEAR LAB  KEY_SET
      01009F08H   SYMBOL    CODE     NEAR LAB  LOAD_ENCRYPTION_KEY
      01009EB3H   SYMBOL    CODE     NEAR LAB  LOAD_KEY_CMD
      01009F16H   SYMBOL    CODE     NEAR LAB  LOAD_TRANSPORT_KEY
      01009E53H   SYMBOL    CODE     NEAR LAB  MEMORY_ERROR
      01009E21H   SYMBOL    CODE     NEAR LAB  MOVE_ON
      01009F01H   SYMBOL    CODE     NEAR LAB  NO_CHECKSUM_ERROR
      01009DF6H   SYMBOL    CODE     NEAR LAB  NON_WRITE_UCM_COMMAND
      01009E6AH   SYMBOL    CODE     NEAR LAB  PROCESS_ERROR_CODE
      01009E7CH   SYMBOL    CODE     NEAR LAB  PROCESS_FAULT_STATUS_WORD
      01009E76H   SYMBOL    CODE     NEAR LAB  RECEIVE_CKS_MEMORY_ERROR
      01009E6CH   SYMBOL    CODE     NEAR LAB  RECEIVE_REMAINING_DATA_MEMORY_DATA
      01009ED5H   SYMBOL    CODE     NEAR LAB  RECEIVE_THE_KEY
      01009EE7H   SYMBOL    CODE     NEAR LAB  RECEIVE_THE_KEY_CHECKSUM
      00000000H   SYMBOL    NUMBER   ---       TRANSPORT_KEY
LX51 LINKER/LOCATER V4.10                                                             10/26/2007  17:25:29  PAGE 14


      01009E21H   SYMBOL    CODE     NEAR LAB  WRITE_DATA
      01009DF9H   SYMBOL    CODE     NEAR LAB  WRITE_UCM_COMMAND

      01009DE2H   BLOCK     CODE     NEAR LAB  LVL=0
      01009DE2H   LINE      CODE     ---       #116
      01009DE4H   LINE      CODE     ---       #117
      01009DE6H   LINE      CODE     ---       #118
      01009DE9H   LINE      CODE     ---       #120
      01009DEBH   LINE      CODE     ---       #129
      01009DEEH   LINE      CODE     ---       #130
      01009DF0H   LINE      CODE     ---       #131
      01009DF2H   LINE      CODE     ---       #132
      01009DF4H   LINE      CODE     ---       #133
      01009DF6H   LINE      CODE     ---       #135
      01009DF9H   LINE      CODE     ---       #143
      01009DFBH   LINE      CODE     ---       #144
      01009DFEH   LINE      CODE     ---       #146
      01009E00H   LINE      CODE     ---       #148
      01009E03H   LINE      CODE     ---       #149
      01009E06H   LINE      CODE     ---       #150
      01009E08H   LINE      CODE     ---       #151
      01009E0AH   LINE      CODE     ---       #152
      01009E0DH   LINE      CODE     ---       #160
      01009E0EH   LINE      CODE     ---       #161
      01009E10H   LINE      CODE     ---       #162
      01009E12H   LINE      CODE     ---       #163
      01009E14H   LINE      CODE     ---       #164
      01009E16H   LINE      CODE     ---       #165
      01009E18H   LINE      CODE     ---       #167
      01009E1BH   LINE      CODE     ---       #172
      01009E1DH   LINE      CODE     ---       #173
      01009E1FH   LINE      CODE     ---       #174
      01009E21H   LINE      CODE     ---       #182
      01009E23H   LINE      CODE     ---       #183
      01009E26H   LINE      CODE     ---       #184
      01009E28H   LINE      CODE     ---       #187
      01009E2AH   LINE      CODE     ---       #188
      01009E2DH   LINE      CODE     ---       #190
      01009E2FH   LINE      CODE     ---       #193
      01009E32H   LINE      CODE     ---       #246
      01009E34H   LINE      CODE     ---       #247
      01009E37H   LINE      CODE     ---       #249
      01009E3AH   LINE      CODE     ---       #250
      01009E3DH   LINE      CODE     ---       #251
      01009E3FH   LINE      CODE     ---       #255
      01009E42H   LINE      CODE     ---       #260
      01009E45H   LINE      CODE     ---       #262
      01009E48H   LINE      CODE     ---       #263
      01009E4AH   LINE      CODE     ---       #284
      01009E4CH   LINE      CODE     ---       #285
      01009E4FH   LINE      CODE     ---       #286
      01009E51H   LINE      CODE     ---       #287
      01009E53H   LINE      CODE     ---       #295
      01009E55H   LINE      CODE     ---       #296
      01009E57H   LINE      CODE     ---       #297
      01009E5AH   LINE      CODE     ---       #299
      01009E5CH   LINE      CODE     ---       #302
      01009E5EH   LINE      CODE     ---       #303
      01009E61H   LINE      CODE     ---       #307
      01009E63H   LINE      CODE     ---       #308
      01009E65H   LINE      CODE     ---       #309
      01009E68H   LINE      CODE     ---       #311
      01009E6AH   LINE      CODE     ---       #317
      01009E6CH   LINE      CODE     ---       #319
      01009E6EH   LINE      CODE     ---       #320
LX51 LINKER/LOCATER V4.10                                                             10/26/2007  17:25:29  PAGE 15


      01009E70H   LINE      CODE     ---       #322
      01009E73H   LINE      CODE     ---       #323
      01009E76H   LINE      CODE     ---       #327
      01009E79H   LINE      CODE     ---       #328
      01009E7CH   LINE      CODE     ---       #332
      01009E7EH   LINE      CODE     ---       #333
      01009E80H   LINE      CODE     ---       #334
      01009E83H   LINE      CODE     ---       #337
      01009E85H   LINE      CODE     ---       #340
      01009E88H   LINE      CODE     ---       #347
      01009E8BH   LINE      CODE     ---       #349
      01009E8DH   LINE      CODE     ---       #351
      01009E90H   LINE      CODE     ---       #353
      01009E92H   LINE      CODE     ---       #355
      01009E94H   LINE      CODE     ---       #356
      01009E97H   LINE      CODE     ---       #358
      01009E99H   LINE      CODE     ---       #359
      01009E9CH   LINE      CODE     ---       #362
      01009E9FH   LINE      CODE     ---       #368
      01009EA2H   LINE      CODE     ---       #372
      01009EA4H   LINE      CODE     ---       #373
      01009EA6H   LINE      CODE     ---       #375
      01009EA8H   LINE      CODE     ---       #376
      01009EABH   LINE      CODE     ---       #379
      01009EAEH   LINE      CODE     ---       #380
      01009EB0H   LINE      CODE     ---       #382
      01009EB3H   LINE      CODE     ---       #385
      01009EB4H   LINE      CODE     ---       #386
      01009EB6H   LINE      CODE     ---       #387
      01009EB8H   LINE      CODE     ---       #390
      01009EBAH   LINE      CODE     ---       #391
      01009EBCH   LINE      CODE     ---       #392
      01009EBEH   LINE      CODE     ---       #393
      01009EC0H   LINE      CODE     ---       #394
      01009EC2H   LINE      CODE     ---       #395
      01009EC4H   LINE      CODE     ---       #398
      01009EC6H   LINE      CODE     ---       #399
      01009EC8H   LINE      CODE     ---       #400
      01009ECAH   LINE      CODE     ---       #401
      01009ECCH   LINE      CODE     ---       #402
      01009ECEH   LINE      CODE     ---       #405
      01009ED0H   LINE      CODE     ---       #407
      01009ED3H   LINE      CODE     ---       #410
      01009ED5H   LINE      CODE     ---       #412
      01009ED8H   LINE      CODE     ---       #413
      01009ED9H   LINE      CODE     ---       #414
      01009EDBH   LINE      CODE     ---       #415
      01009EDDH   LINE      CODE     ---       #416
      01009EDFH   LINE      CODE     ---       #417
      01009EE1H   LINE      CODE     ---       #420
      01009EE2H   LINE      CODE     ---       #421
      01009EE3H   LINE      CODE     ---       #422
      01009EE4H   LINE      CODE     ---       #423
      01009EE7H   LINE      CODE     ---       #428
      01009EEAH   LINE      CODE     ---       #429
      01009EEDH   LINE      CODE     ---       #430
      01009EF0H   LINE      CODE     ---       #431
      01009EF3H   LINE      CODE     ---       #432
      01009EF6H   LINE      CODE     ---       #435
      01009EF9H   LINE      CODE     ---       #438
      01009EFBH   LINE      CODE     ---       #439
      01009EFEH   LINE      CODE     ---       #440
      01009F01H   LINE      CODE     ---       #446
      01009F03H   LINE      CODE     ---       #448
      01009F05H   LINE      CODE     ---       #449
LX51 LINKER/LOCATER V4.10                                                             10/26/2007  17:25:29  PAGE 16


      01009F08H   LINE      CODE     ---       #452
      01009F0AH   LINE      CODE     ---       #453
      01009F0DH   LINE      CODE     ---       #454
      01009F0FH   LINE      CODE     ---       #455
      01009F12H   LINE      CODE     ---       #456
      01009F14H   LINE      CODE     ---       #457
      01009F16H   LINE      CODE     ---       #460
      01009F18H   LINE      CODE     ---       #461
      01009F1BH   LINE      CODE     ---       #486
      01009F1CH   LINE      CODE     ---       #487
      01009F1EH   LINE      CODE     ---       #488
      01009F21H   LINE      CODE     ---       #494
      01009F22H   LINE      CODE     ---       #495
      01009F25H   LINE      CODE     ---       #496
      01009F27H   LINE      CODE     ---       #497
      01009F2AH   LINE      CODE     ---       #498
      01009F2DH   LINE      CODE     ---       #501
      01009F2FH   LINE      CODE     ---       #502
      01009F32H   LINE      CODE     ---       #503
      01009F35H   LINE      CODE     ---       #511
      01009F38H   LINE      CODE     ---       #518
      01009F3BH   LINE      CODE     ---       #522
      01009F3EH   LINE      CODE     ---       #523
      01009F40H   LINE      CODE     ---       #524
      01009F43H   LINE      CODE     ---       #527
      01009F45H   LINE      CODE     ---       #528
      01009F48H   LINE      CODE     ---       #529
      01009F4AH   LINE      CODE     ---       #530
      01009F4CH   LINE      CODE     ---       #532
      01009F4DH   LINE      CODE     ---       #533
      01009F50H   LINE      CODE     ---       #534
      01009F51H   LINE      CODE     ---       #535
      01009F53H   LINE      CODE     ---       #536
      01009F56H   LINE      CODE     ---       #540
      01009F59H   LINE      CODE     ---       #547
      01009F5CH   LINE      CODE     ---       #550
      01009F5EH   LINE      CODE     ---       #551
      01009F61H   LINE      CODE     ---       #554
      01009F63H   LINE      CODE     ---       #555
      01009F66H   LINE      CODE     ---       #557
      01009F69H   LINE      CODE     ---       #564
      01009F6BH   LINE      CODE     ---       #565
      01009F6EH   LINE      CODE     ---       #566
      01009F71H   LINE      CODE     ---       #574
      01009F74H   LINE      CODE     ---       #582
      01009F76H   LINE      CODE     ---       #585
      01009F78H   LINE      CODE     ---       #586
      01009F7BH   LINE      CODE     ---       #587
      01009F7DH   LINE      CODE     ---       #588
      01009F80H   LINE      CODE     ---       #590
      01009F82H   LINE      CODE     ---       #592
      01009F84H   LINE      CODE     ---       #593
      01009F86H   LINE      CODE     ---       #594
      01009F88H   LINE      CODE     ---       #598
      01009F8BH   LINE      CODE     ---       #605
      01009F8EH   LINE      CODE     ---       #614
      01009F90H   LINE      CODE     ---       #615
      01009F92H   LINE      CODE     ---       #616
      01009F94H   LINE      CODE     ---       #618
      01009F97H   LINE      CODE     ---       #620
      01009F9AH   LINE      CODE     ---       #657
      01009F9CH   LINE      CODE     ---       #658
      ---         BLOCKEND  ---      ---       LVL=0

      ---         MODULE    ---      ---       SELECTFIDI
LX51 LINKER/LOCATER V4.10                                                             10/26/2007  17:25:29  PAGE 17


      0100A0EAH   PUBLIC    CODE     NEAR LAB  _SELECT_FIDI
      0000001FH   PUBLIC    DATA     BYTE      D
      0000001DH   PUBLIC    DATA     BYTE      FH
      0000001EH   PUBLIC    DATA     BYTE      FL
      000000E0H   SFRSYM    DATA     BYTE      ACC
      000000F0H   SFRSYM    DATA     BYTE      B
      00000083H   SFRSYM    DATA     BYTE      DPH
      00000083H   SFRSYM    DATA     BYTE      DPH0
      00000085H   SFRSYM    DATA     BYTE      DPH1
      00000082H   SFRSYM    DATA     BYTE      DPL
      00000082H   SFRSYM    DATA     BYTE      DPL0
      00000084H   SFRSYM    DATA     BYTE      DPL1
      00000086H   SFRSYM    DATA     BYTE      DPS
      00000093H   SFRSYM    DATA     BYTE      DPX
      00000093H   SFRSYM    DATA     BYTE      DPX0
      00000095H   SFRSYM    DATA     BYTE      DPX1
      000000A8H   SFRSYM    DATA     BYTE      IE
      000000B8H   SFRSYM    DATA     BYTE      IP
      000000B2H   SFRSYM    DATA     BYTE      ISOCON
      000000B4H   SFRSYM    DATA     BYTE      ISOTMR
      000000A2H   SFRSYM    DATA     BYTE      MPTR
      00000080H   SFRSYM    DATA     BYTE      NVFSMCON
      000000C9H   SFRSYM    DATA     BYTE      NVFSMMODE
      00000087H   SFRSYM    DATA     BYTE      PCON
      000000C0H   SFRSYM    DATA     BYTE      PROGIO
      000000D0H   SFRSYM    DATA     BYTE      PSW
      00000098H   SFRSYM    DATA     BIT       RI
      00000099H   SFRSYM    DATA     BYTE      SBUF
      00000098H   SFRSYM    DATA     BYTE      SCON
      000000B0H   SFRSYM    DATA     BYTE      SECURITYSTATUS
      00000081H   SFRSYM    DATA     BYTE      SP
      00000088H   SFRSYM    DATA     BYTE      TCON
      0000008CH   SFRSYM    DATA     BYTE      TH0
      00000098H.1 SFRSYM    DATA     BIT       TI
      0000008AH   SFRSYM    DATA     BYTE      TL0
      00000089H   SFRSYM    DATA     BYTE      TMOD
      0100A17FH   SYMBOL    CODE     NEAR LAB  DI
      0100A191H   SYMBOL    CODE     NEAR LAB  DI0
      0100A197H   SYMBOL    CODE     NEAR LAB  DI1
      0100A19DH   SYMBOL    CODE     NEAR LAB  DI2
      0100A1A3H   SYMBOL    CODE     NEAR LAB  DI3
      0100A1A9H   SYMBOL    CODE     NEAR LAB  DI4
      0100A1AFH   SYMBOL    CODE     NEAR LAB  DI5
      0100A1B5H   SYMBOL    CODE     NEAR LAB  DI6
      0100A1BBH   SYMBOL    CODE     NEAR LAB  DI7
      0100A1C1H   SYMBOL    CODE     NEAR LAB  DI8
      0100A1C7H   SYMBOL    CODE     NEAR LAB  DI9
      0100A1CAH   SYMBOL    CODE     NEAR LAB  ENDFIDI
      0100A104H   SYMBOL    CODE     NEAR LAB  FI0
      0100A10DH   SYMBOL    CODE     NEAR LAB  FI1
      0100A116H   SYMBOL    CODE     NEAR LAB  FI2
      0100A11FH   SYMBOL    CODE     NEAR LAB  FI3
      0100A128H   SYMBOL    CODE     NEAR LAB  FI4
      0100A131H   SYMBOL    CODE     NEAR LAB  FI5
      0100A13AH   SYMBOL    CODE     NEAR LAB  FI6
      0100A143H   SYMBOL    CODE     NEAR LAB  FI7
      0100A14CH   SYMBOL    CODE     NEAR LAB  FI8
      0100A155H   SYMBOL    CODE     NEAR LAB  FI9
      0100A100H   SYMBOL    CODE     NEAR LAB  FI_SELECT
      0100A15EH   SYMBOL    CODE     NEAR LAB  FIA
      0100A167H   SYMBOL    CODE     NEAR LAB  FIB
      0100A170H   SYMBOL    CODE     NEAR LAB  FIC
      0100A179H   SYMBOL    CODE     NEAR LAB  FID
      0100A0F2H   SYMBOL    CODE     NEAR LAB  GET_THE_ADDRESS_OF_ENTRY
      0100A18DH   SYMBOL    CODE     NEAR LAB  SELECT_DI
LX51 LINKER/LOCATER V4.10                                                             10/26/2007  17:25:29  PAGE 18


      0100A0EAH   SYMBOL    CODE     NEAR LAB  SELECT_FIDI

      0100A0EAH   BLOCK     CODE     NEAR LAB  LVL=0
      0100A0EAH   LINE      CODE     ---       #61
      0100A0EBH   LINE      CODE     ---       #63
      0100A0EDH   LINE      CODE     ---       #64
      0100A0EFH   LINE      CODE     ---       #65
      0100A0F2H   LINE      CODE     ---       #70
      0100A0F5H   LINE      CODE     ---       #71
      0100A0F6H   LINE      CODE     ---       #72
      0100A0F9H   LINE      CODE     ---       #73
      0100A0FAH   LINE      CODE     ---       #74
      0100A0FCH   LINE      CODE     ---       #75
      0100A0FEH   LINE      CODE     ---       #76
      0100A100H   LINE      CODE     ---       #79
      0100A102H   LINE      CODE     ---       #80
      0100A103H   LINE      CODE     ---       #81
      0100A104H   LINE      CODE     ---       #85
      0100A107H   LINE      CODE     ---       #86
      0100A10AH   LINE      CODE     ---       #87
      0100A10DH   LINE      CODE     ---       #89
      0100A110H   LINE      CODE     ---       #90
      0100A113H   LINE      CODE     ---       #91
      0100A116H   LINE      CODE     ---       #93
      0100A119H   LINE      CODE     ---       #94
      0100A11CH   LINE      CODE     ---       #95
      0100A11FH   LINE      CODE     ---       #97
      0100A122H   LINE      CODE     ---       #98
      0100A125H   LINE      CODE     ---       #99
      0100A128H   LINE      CODE     ---       #101
      0100A12BH   LINE      CODE     ---       #102
      0100A12EH   LINE      CODE     ---       #103
      0100A131H   LINE      CODE     ---       #105
      0100A134H   LINE      CODE     ---       #106
      0100A137H   LINE      CODE     ---       #107
      0100A13AH   LINE      CODE     ---       #109
      0100A13DH   LINE      CODE     ---       #110
      0100A140H   LINE      CODE     ---       #111
      0100A143H   LINE      CODE     ---       #113
      0100A146H   LINE      CODE     ---       #114
      0100A149H   LINE      CODE     ---       #115
      0100A14CH   LINE      CODE     ---       #117
      0100A14FH   LINE      CODE     ---       #118
      0100A152H   LINE      CODE     ---       #119
      0100A155H   LINE      CODE     ---       #121
      0100A158H   LINE      CODE     ---       #122
      0100A15BH   LINE      CODE     ---       #123
      0100A15EH   LINE      CODE     ---       #125
      0100A161H   LINE      CODE     ---       #126
      0100A164H   LINE      CODE     ---       #127
      0100A167H   LINE      CODE     ---       #129
      0100A16AH   LINE      CODE     ---       #130
      0100A16DH   LINE      CODE     ---       #131
      0100A170H   LINE      CODE     ---       #133
      0100A173H   LINE      CODE     ---       #134
      0100A176H   LINE      CODE     ---       #135
      0100A179H   LINE      CODE     ---       #137
      0100A17CH   LINE      CODE     ---       #138
      0100A17FH   LINE      CODE     ---       #143
      0100A182H   LINE      CODE     ---       #144
      0100A183H   LINE      CODE     ---       #145
      0100A186H   LINE      CODE     ---       #146
      0100A187H   LINE      CODE     ---       #147
      0100A189H   LINE      CODE     ---       #148
      0100A18BH   LINE      CODE     ---       #149
LX51 LINKER/LOCATER V4.10                                                             10/26/2007  17:25:29  PAGE 19


      0100A18DH   LINE      CODE     ---       #152
      0100A18FH   LINE      CODE     ---       #153
      0100A190H   LINE      CODE     ---       #154
      0100A191H   LINE      CODE     ---       #157
      0100A194H   LINE      CODE     ---       #158
      0100A197H   LINE      CODE     ---       #160
      0100A19AH   LINE      CODE     ---       #161
      0100A19DH   LINE      CODE     ---       #163
      0100A1A0H   LINE      CODE     ---       #164
      0100A1A3H   LINE      CODE     ---       #166
      0100A1A6H   LINE      CODE     ---       #167
      0100A1A9H   LINE      CODE     ---       #169
      0100A1ACH   LINE      CODE     ---       #170
      0100A1AFH   LINE      CODE     ---       #172
      0100A1B2H   LINE      CODE     ---       #173
      0100A1B5H   LINE      CODE     ---       #175
      0100A1B8H   LINE      CODE     ---       #176
      0100A1BBH   LINE      CODE     ---       #178
      0100A1BEH   LINE      CODE     ---       #179
      0100A1C1H   LINE      CODE     ---       #181
      0100A1C4H   LINE      CODE     ---       #182
      0100A1C7H   LINE      CODE     ---       #184
      0100A1CAH   LINE      CODE     ---       #189
      ---         BLOCKEND  ---      ---       LVL=0

      ---         MODULE    ---      ---       ATR
      0100A290H   PUBLIC    CODE     ---       SendATR
      000000D0H.6 SFRSYM    DATA     BIT       AC
      00000080H   SFRSYM    DATA     BIT       FSM_FINISH
      00000083H   SFRSYM    DATA     BYTE      DPH0
      000000E8H   SFRSYM    DATA     BIT       AM
      000000A8H   SFRSYM    DATA     BYTE      IE
      00000085H   SFRSYM    DATA     BYTE      DPH1
      00000082H   SFRSYM    DATA     BYTE      DPL0
      00000084H   SFRSYM    DATA     BYTE      DPL1
      00000088H   SFRSYM    DATA     BIT       SSINT
      00000088H.1 SFRSYM    DATA     BIT       USINT
      000000B8H   SFRSYM    DATA     BYTE      IP
      00000098H   SFRSYM    DATA     BIT       RI
      000000D0H.7 SFRSYM    DATA     BIT       CY
      00000098H.1 SFRSYM    DATA     BIT       TI
      000000EAH   SFRSYM    DATA     BYTE      MPTRX
      00000093H   SFRSYM    DATA     BYTE      DPX0
      00000095H   SFRSYM    DATA     BYTE      DPX1
      00000081H   SFRSYM    DATA     BYTE      SP
      000000D0H.2 SFRSYM    DATA     BIT       OV
      000000A1H   SFRSYM    DATA     BYTE      CBSL
      00000080H.5 SFRSYM    DATA     BIT       FSM_RESULT
      00000099H   SFRSYM    DATA     BYTE      SBUF
      00000087H   SFRSYM    DATA     BYTE      PCON
      00000088H.3 SFRSYM    DATA     BIT       MFLT
      00000098H   SFRSYM    DATA     BYTE      SCON
      00000089H   SFRSYM    DATA     BYTE      TMOD
      00000088H   SFRSYM    DATA     BYTE      TCON
      00000088H.1 SFRSYM    DATA     BIT       SINT
      000000E8H   SFRSYM    DATA     BYTE      EPSW
      000000F0H   SFRSYM    DATA     BYTE      B
      000000A2H   SFRSYM    DATA     BYTE      MPTR
      000000E0H   SFRSYM    DATA     BYTE      ACC
      00000088H.5 SFRSYM    DATA     BIT       TF0
      00000088H.7 SFRSYM    DATA     BIT       TF1
      0000008CH   SFRSYM    DATA     BYTE      TH0
      000000B2H   SFRSYM    DATA     BYTE      ISOCON
      0000008DH   SFRSYM    DATA     BYTE      TH1
      000000D8H   SFRSYM    DATA     BYTE      SPSW
LX51 LINKER/LOCATER V4.10                                                             10/26/2007  17:25:29  PAGE 20


      000000D0H   SFRSYM    DATA     BIT       P
      0000008AH   SFRSYM    DATA     BYTE      TL0
      0000008BH   SFRSYM    DATA     BYTE      TL1
      000000C0H   SFRSYM    DATA     BYTE      PROGIO
      000000D0H.3 SFRSYM    DATA     BIT       RS0
      00000088H.4 SFRSYM    DATA     BIT       TR0
      000000D0H.4 SFRSYM    DATA     BIT       RS1
      00000080H.1 SFRSYM    DATA     BIT       FSM_START
      00000088H.6 SFRSYM    DATA     BIT       TR1
      00000083H   SFRSYM    DATA     BYTE      DPH
      000000B4H   SFRSYM    DATA     BYTE      ISOTMR
      00000082H   SFRSYM    DATA     BYTE      DPL
      000000B0H   SFRSYM    DATA     BYTE      SECURITYSTATUS
      00000086H   SFRSYM    DATA     BYTE      DPS
      00000093H   SFRSYM    DATA     BYTE      DPX
      00000080H   SFRSYM    DATA     BYTE      NVFSMCON
      000000F7H   SFRSYM    DATA     BYTE      MFCON
      000000C9H   SFRSYM    DATA     BYTE      NvFsmMode
      000000D0H.5 SFRSYM    DATA     BIT       F0
      000000E8H.1 SFRSYM    DATA     BIT       F1
      000000D0H   SFRSYM    DATA     BYTE      PSW
      0100A304H   SYMBOL    CONST    ---       _?ix1000

      0100A290H   BLOCK     CODE     ---       LVL=0
      0100A290H   BLOCK     CODE     NEAR LAB  LVL=1
      00000084H   SYMBOL    IDATA    BYTE      i
      00000085H   SYMBOL    IDATA    BYTE      AddHi
      00000086H   SYMBOL    IDATA    BYTE      AddLo
      00000087H   SYMBOL    IDATA    ---       ATR
      ---         BLOCKEND  ---      ---       LVL=1
      0100A290H   LINE      CODE     ---       #77
      0100A290H   LINE      CODE     ---       #78
      0100A290H   LINE      CODE     ---       #80
      0100A294H   LINE      CODE     ---       #81
      0100A296H   LINE      CODE     ---       #82
      0100A2A6H   LINE      CODE     ---       #101
      0100A2AEH   LINE      CODE     ---       #105
      0100A2AEH   LINE      CODE     ---       #107
      0100A2B2H   LINE      CODE     ---       #108
      0100A2B4H   LINE      CODE     ---       #110
      0100A2B4H   LINE      CODE     ---       #111
      0100A2B8H   LINE      CODE     ---       #112
      0100A2B8H   LINE      CODE     ---       #116
      0100A2BBH   LINE      CODE     ---       #117
      0100A2BEH   LINE      CODE     ---       #119
      0100A2C6H   LINE      CODE     ---       #122
      0100A2D3H   LINE      CODE     ---       #123
      0100A2D3H   LINE      CODE     ---       #124
      0100A2D8H   LINE      CODE     ---       #125
      0100A2DBH   LINE      CODE     ---       #126
      0100A2E0H   LINE      CODE     ---       #129
      ---         BLOCKEND  ---      ---       LVL=0

      ---         MODULE    ---      ---       SET_PPS
      0100A1CBH   PUBLIC    CODE     ---       _Set_PPS
      000000D0H.6 SFRSYM    DATA     BIT       AC
      00000080H   SFRSYM    DATA     BIT       FSM_FINISH
      00000083H   SFRSYM    DATA     BYTE      DPH0
      000000E8H   SFRSYM    DATA     BIT       AM
      000000A8H   SFRSYM    DATA     BYTE      IE
      00000085H   SFRSYM    DATA     BYTE      DPH1
      00000082H   SFRSYM    DATA     BYTE      DPL0
      00000084H   SFRSYM    DATA     BYTE      DPL1
      00000088H   SFRSYM    DATA     BIT       SSINT
      00000088H.1 SFRSYM    DATA     BIT       USINT
LX51 LINKER/LOCATER V4.10                                                             10/26/2007  17:25:29  PAGE 21


      000000B8H   SFRSYM    DATA     BYTE      IP
      00000098H   SFRSYM    DATA     BIT       RI
      000000D0H.7 SFRSYM    DATA     BIT       CY
      00000098H.1 SFRSYM    DATA     BIT       TI
      000000EAH   SFRSYM    DATA     BYTE      MPTRX
      00000093H   SFRSYM    DATA     BYTE      DPX0
      00000095H   SFRSYM    DATA     BYTE      DPX1
      00000081H   SFRSYM    DATA     BYTE      SP
      000000D0H.2 SFRSYM    DATA     BIT       OV
      000000A1H   SFRSYM    DATA     BYTE      CBSL
      00000080H.5 SFRSYM    DATA     BIT       FSM_RESULT
      00000099H   SFRSYM    DATA     BYTE      SBUF
      00000087H   SFRSYM    DATA     BYTE      PCON
      00000088H.3 SFRSYM    DATA     BIT       MFLT
      00000098H   SFRSYM    DATA     BYTE      SCON
      00000089H   SFRSYM    DATA     BYTE      TMOD
      00000088H   SFRSYM    DATA     BYTE      TCON
      00000088H.1 SFRSYM    DATA     BIT       SINT
      000000E8H   SFRSYM    DATA     BYTE      EPSW
      000000F0H   SFRSYM    DATA     BYTE      B
      000000A2H   SFRSYM    DATA     BYTE      MPTR
      000000E0H   SFRSYM    DATA     BYTE      ACC
      00000088H.5 SFRSYM    DATA     BIT       TF0
      00000088H.7 SFRSYM    DATA     BIT       TF1
      0000008CH   SFRSYM    DATA     BYTE      TH0
      000000B2H   SFRSYM    DATA     BYTE      ISOCON
      0000008DH   SFRSYM    DATA     BYTE      TH1
      000000D8H   SFRSYM    DATA     BYTE      SPSW
      000000D0H   SFRSYM    DATA     BIT       P
      0000008AH   SFRSYM    DATA     BYTE      TL0
      0000008BH   SFRSYM    DATA     BYTE      TL1
      000000C0H   SFRSYM    DATA     BYTE      PROGIO
      000000D0H.3 SFRSYM    DATA     BIT       RS0
      00000088H.4 SFRSYM    DATA     BIT       TR0
      000000D0H.4 SFRSYM    DATA     BIT       RS1
      00000080H.1 SFRSYM    DATA     BIT       FSM_START
      00000088H.6 SFRSYM    DATA     BIT       TR1
      00000083H   SFRSYM    DATA     BYTE      DPH
      000000B4H   SFRSYM    DATA     BYTE      ISOTMR
      00000082H   SFRSYM    DATA     BYTE      DPL
      000000B0H   SFRSYM    DATA     BYTE      SECURITYSTATUS
      00000086H   SFRSYM    DATA     BYTE      DPS
      00000093H   SFRSYM    DATA     BYTE      DPX
      00000080H   SFRSYM    DATA     BYTE      NVFSMCON
      000000F7H   SFRSYM    DATA     BYTE      MFCON
      000000C9H   SFRSYM    DATA     BYTE      NvFsmMode
      000000D0H.5 SFRSYM    DATA     BIT       F0
      000000E8H.1 SFRSYM    DATA     BIT       F1
      000000D0H   SFRSYM    DATA     BYTE      PSW

      0100A1CBH   BLOCK     CODE     ---       LVL=0
      00000006H   SYMBOL    DATA     BYTE      FiDi
      0100A1CDH   BLOCK     CODE     NEAR LAB  LVL=1
      00000066H   SYMBOL    IDATA    WORD      F
      00000068H   SYMBOL    IDATA    WORD      ISO_Timer_Val
      00000007H   SYMBOL    DATA     BYTE      Fi
      00000005H   SYMBOL    DATA     BYTE      Di
      ---         BLOCKEND  ---      ---       LVL=1
      0100A1CBH   LINE      CODE     ---       #65
      0100A1CDH   LINE      CODE     ---       #66
      0100A1CDH   LINE      CODE     ---       #67
      0100A1D3H   LINE      CODE     ---       #68
      0100A1D9H   LINE      CODE     ---       #69
      0100A1DEH   LINE      CODE     ---       #70
      0100A1E2H   LINE      CODE     ---       #73
LX51 LINKER/LOCATER V4.10                                                             10/26/2007  17:25:29  PAGE 22


      0100A1E5H   LINE      CODE     ---       #75
      0100A1F0H   LINE      CODE     ---       #76
      0100A1FBH   LINE      CODE     ---       #79
      0100A20DH   LINE      CODE     ---       #85
      0100A20FH   LINE      CODE     ---       #86
      0100A212H   LINE      CODE     ---       #87
      0100A214H   LINE      CODE     ---       #88
      0100A217H   LINE      CODE     ---       #89
      0100A219H   LINE      CODE     ---       #90
      0100A21CH   LINE      CODE     ---       #91
      0100A21EH   LINE      CODE     ---       #92
      0100A221H   LINE      CODE     ---       #94
      0100A22BH   LINE      CODE     ---       #97
      0100A230H   LINE      CODE     ---       #100
      ---         BLOCKEND  ---      ---       LVL=0

      ---         MODULE    ---      ---       CRC16_32BITVAR
      0000001BH   PUBLIC    DATA     WORD      Data_Length
      00000019H   PUBLIC    DATA     WORD      CRC16_m
      0100A231H   PUBLIC    CODE     ---       _CRC16
      000000D0H.6 SFRSYM    DATA     BIT       AC
      00000080H   SFRSYM    DATA     BIT       FSM_FINISH
      00000083H   SFRSYM    DATA     BYTE      DPH0
      000000E8H   SFRSYM    DATA     BIT       AM
      000000A8H   SFRSYM    DATA     BYTE      IE
      00000085H   SFRSYM    DATA     BYTE      DPH1
      00000082H   SFRSYM    DATA     BYTE      DPL0
      00000084H   SFRSYM    DATA     BYTE      DPL1
      00000088H   SFRSYM    DATA     BIT       SSINT
      00000088H.1 SFRSYM    DATA     BIT       USINT
      000000B8H   SFRSYM    DATA     BYTE      IP
      00000098H   SFRSYM    DATA     BIT       RI
      000000D0H.7 SFRSYM    DATA     BIT       CY
      00000098H.1 SFRSYM    DATA     BIT       TI
      000000EAH   SFRSYM    DATA     BYTE      MPTRX
      00000093H   SFRSYM    DATA     BYTE      DPX0
      00000095H   SFRSYM    DATA     BYTE      DPX1
      00000081H   SFRSYM    DATA     BYTE      SP
      000000D0H.2 SFRSYM    DATA     BIT       OV
      000000A1H   SFRSYM    DATA     BYTE      CBSL
      00000080H.5 SFRSYM    DATA     BIT       FSM_RESULT
      00000099H   SFRSYM    DATA     BYTE      SBUF
      00000087H   SFRSYM    DATA     BYTE      PCON
      00000088H.3 SFRSYM    DATA     BIT       MFLT
      00000098H   SFRSYM    DATA     BYTE      SCON
      00000089H   SFRSYM    DATA     BYTE      TMOD
      00000088H   SFRSYM    DATA     BYTE      TCON
      00000088H.1 SFRSYM    DATA     BIT       SINT
      000000E8H   SFRSYM    DATA     BYTE      EPSW
      000000F0H   SFRSYM    DATA     BYTE      B
      000000A2H   SFRSYM    DATA     BYTE      MPTR
      000000E0H   SFRSYM    DATA     BYTE      ACC
      00000088H.5 SFRSYM    DATA     BIT       TF0
      00000088H.7 SFRSYM    DATA     BIT       TF1
      0000008CH   SFRSYM    DATA     BYTE      TH0
      000000B2H   SFRSYM    DATA     BYTE      ISOCON
      0000008DH   SFRSYM    DATA     BYTE      TH1
      000000D8H   SFRSYM    DATA     BYTE      SPSW
      000000D0H   SFRSYM    DATA     BIT       P
      0000008AH   SFRSYM    DATA     BYTE      TL0
      0000008BH   SFRSYM    DATA     BYTE      TL1
      000000C0H   SFRSYM    DATA     BYTE      PROGIO
      000000D0H.3 SFRSYM    DATA     BIT       RS0
      00000088H.4 SFRSYM    DATA     BIT       TR0
      000000D0H.4 SFRSYM    DATA     BIT       RS1
LX51 LINKER/LOCATER V4.10                                                             10/26/2007  17:25:29  PAGE 23


      00000080H.1 SFRSYM    DATA     BIT       FSM_START
      00000088H.6 SFRSYM    DATA     BIT       TR1
      00000083H   SFRSYM    DATA     BYTE      DPH
      000000B4H   SFRSYM    DATA     BYTE      ISOTMR
      00000082H   SFRSYM    DATA     BYTE      DPL
      000000B0H   SFRSYM    DATA     BYTE      SECURITYSTATUS
      00000086H   SFRSYM    DATA     BYTE      DPS
      00000093H   SFRSYM    DATA     BYTE      DPX
      00000080H   SFRSYM    DATA     BYTE      NVFSMCON
      000000F7H   SFRSYM    DATA     BYTE      MFCON
      000000C9H   SFRSYM    DATA     BYTE      NvFsmMode
      000000D0H.5 SFRSYM    DATA     BIT       F0
      000000E8H.1 SFRSYM    DATA     BIT       F1
      000000D0H   SFRSYM    DATA     BYTE      PSW

      0100A231H   BLOCK     CODE     ---       LVL=0
      00000026H   SYMBOL    DATA     ---       data_buf
      0100A235H   BLOCK     CODE     NEAR LAB  LVL=1
      00000004H   SYMBOL    DATA     WORD      A
      ---         BLOCKEND  ---      ---       LVL=1
      0100A231H   LINE      CODE     ---       #50
      0100A235H   LINE      CODE     ---       #51
      0100A235H   LINE      CODE     ---       #58
      0100A235H   LINE      CODE     ---       #59
      0100A24BH   LINE      CODE     ---       #60
      0100A25AH   LINE      CODE     ---       #61
      0100A289H   LINE      CODE     ---       #62
      0100A289H   LINE      CODE     ---       #63
      0100A28FH   LINE      CODE     ---       #65
      ---         BLOCKEND  ---      ---       LVL=0

      ---         MODULE    ---      ---       BULKCHECKUM_32BITS_TT40
      02000403H   PUBLIC    XDATA    BYTE      Checksum_Address
      00000023H   PUBLIC    DATA     BYTE      Actual_Bulk_CKS_Lo
      00000022H   PUBLIC    DATA     BYTE      Actual_Bulk_CKS_Hi
      00000021H   PUBLIC    DATA     ---       Actual_Bulk_CKS
      0100A2E1H   PUBLIC    CODE     ---       Calculate_Bulk_Memory_Checksum_TT40
      000000D0H.6 SFRSYM    DATA     BIT       AC
      00000080H   SFRSYM    DATA     BIT       FSM_FINISH
      00000083H   SFRSYM    DATA     BYTE      DPH0
      000000E8H   SFRSYM    DATA     BIT       AM
      000000A8H   SFRSYM    DATA     BYTE      IE
      00000085H   SFRSYM    DATA     BYTE      DPH1
      00000082H   SFRSYM    DATA     BYTE      DPL0
      00000084H   SFRSYM    DATA     BYTE      DPL1
      00000088H   SFRSYM    DATA     BIT       SSINT
      00000088H.1 SFRSYM    DATA     BIT       USINT
      000000B8H   SFRSYM    DATA     BYTE      IP
      00000098H   SFRSYM    DATA     BIT       RI
      000000D0H.7 SFRSYM    DATA     BIT       CY
      00000098H.1 SFRSYM    DATA     BIT       TI
      000000EAH   SFRSYM    DATA     BYTE      MPTRX
      00000093H   SFRSYM    DATA     BYTE      DPX0
      00000095H   SFRSYM    DATA     BYTE      DPX1
      00000081H   SFRSYM    DATA     BYTE      SP
      000000D0H.2 SFRSYM    DATA     BIT       OV
      000000A1H   SFRSYM    DATA     BYTE      CBSL
      00000080H.5 SFRSYM    DATA     BIT       FSM_RESULT
      00000099H   SFRSYM    DATA     BYTE      SBUF
      00000087H   SFRSYM    DATA     BYTE      PCON
      00000088H.3 SFRSYM    DATA     BIT       MFLT
      00000098H   SFRSYM    DATA     BYTE      SCON
      00000089H   SFRSYM    DATA     BYTE      TMOD
      00000088H   SFRSYM    DATA     BYTE      TCON
      00000088H.1 SFRSYM    DATA     BIT       SINT
LX51 LINKER/LOCATER V4.10                                                             10/26/2007  17:25:29  PAGE 24


      000000E8H   SFRSYM    DATA     BYTE      EPSW
      000000F0H   SFRSYM    DATA     BYTE      B
      000000A2H   SFRSYM    DATA     BYTE      MPTR
      000000E0H   SFRSYM    DATA     BYTE      ACC
      00000088H.5 SFRSYM    DATA     BIT       TF0
      00000088H.7 SFRSYM    DATA     BIT       TF1
      0000008CH   SFRSYM    DATA     BYTE      TH0
      000000B2H   SFRSYM    DATA     BYTE      ISOCON
      0000008DH   SFRSYM    DATA     BYTE      TH1
      000000D8H   SFRSYM    DATA     BYTE      SPSW
      000000D0H   SFRSYM    DATA     BIT       P
      0000008AH   SFRSYM    DATA     BYTE      TL0
      0000008BH   SFRSYM    DATA     BYTE      TL1
      000000C0H   SFRSYM    DATA     BYTE      PROGIO
      000000D0H.3 SFRSYM    DATA     BIT       RS0
      00000088H.4 SFRSYM    DATA     BIT       TR0
      000000D0H.4 SFRSYM    DATA     BIT       RS1
      00000080H.1 SFRSYM    DATA     BIT       FSM_START
      00000088H.6 SFRSYM    DATA     BIT       TR1
      00000083H   SFRSYM    DATA     BYTE      DPH
      000000B4H   SFRSYM    DATA     BYTE      ISOTMR
      00000082H   SFRSYM    DATA     BYTE      DPL
      000000B0H   SFRSYM    DATA     BYTE      SECURITYSTATUS
      00000086H   SFRSYM    DATA     BYTE      DPS
      00000093H   SFRSYM    DATA     BYTE      DPX
      00000080H   SFRSYM    DATA     BYTE      NVFSMCON
      000000F7H   SFRSYM    DATA     BYTE      MFCON
      000000C9H   SFRSYM    DATA     BYTE      NvFsmMode
      000000D0H.5 SFRSYM    DATA     BIT       F0
      000000E8H.1 SFRSYM    DATA     BIT       F1
      000000D0H   SFRSYM    DATA     BYTE      PSW

      0100A2E1H   BLOCK     CODE     ---       LVL=0
      0100A2E1H   LINE      CODE     ---       #60
      0100A2E1H   LINE      CODE     ---       #61
      0100A2E1H   LINE      CODE     ---       #65
      0100A2E6H   LINE      CODE     ---       #66
      0100A2ECH   LINE      CODE     ---       #68
      0100A2F3H   LINE      CODE     ---       #73
      0100A2F6H   LINE      CODE     ---       #74
      0100A2FAH   LINE      CODE     ---       #77
      ---         BLOCKEND  ---      ---       LVL=0

      ---         MODULE    ---      ---       LOADKEY
      00000074H   PUBLIC    IDATA    ---       Key_Buffer
      000000D0H.6 SFRSYM    DATA     BIT       AC
      00000080H   SFRSYM    DATA     BIT       FSM_FINISH
      00000083H   SFRSYM    DATA     BYTE      DPH0
      000000E8H   SFRSYM    DATA     BIT       AM
      000000A8H   SFRSYM    DATA     BYTE      IE
      00000085H   SFRSYM    DATA     BYTE      DPH1
      00000082H   SFRSYM    DATA     BYTE      DPL0
      00000084H   SFRSYM    DATA     BYTE      DPL1
      00000088H   SFRSYM    DATA     BIT       SSINT
      00000088H.1 SFRSYM    DATA     BIT       USINT
      000000B8H   SFRSYM    DATA     BYTE      IP
      00000098H   SFRSYM    DATA     BIT       RI
      000000D0H.7 SFRSYM    DATA     BIT       CY
      00000098H.1 SFRSYM    DATA     BIT       TI
      000000EAH   SFRSYM    DATA     BYTE      MPTRX
      00000093H   SFRSYM    DATA     BYTE      DPX0
      00000095H   SFRSYM    DATA     BYTE      DPX1
      00000081H   SFRSYM    DATA     BYTE      SP
      000000D0H.2 SFRSYM    DATA     BIT       OV
      000000A1H   SFRSYM    DATA     BYTE      CBSL
LX51 LINKER/LOCATER V4.10                                                             10/26/2007  17:25:29  PAGE 25


      00000080H.5 SFRSYM    DATA     BIT       FSM_RESULT
      00000099H   SFRSYM    DATA     BYTE      SBUF
      00000087H   SFRSYM    DATA     BYTE      PCON
      00000088H.3 SFRSYM    DATA     BIT       MFLT
      00000098H   SFRSYM    DATA     BYTE      SCON
      00000089H   SFRSYM    DATA     BYTE      TMOD
      00000088H   SFRSYM    DATA     BYTE      TCON
      00000088H.1 SFRSYM    DATA     BIT       SINT
      000000E8H   SFRSYM    DATA     BYTE      EPSW
      000000F0H   SFRSYM    DATA     BYTE      B
      000000A2H   SFRSYM    DATA     BYTE      MPTR
      000000E0H   SFRSYM    DATA     BYTE      ACC
      00000088H.5 SFRSYM    DATA     BIT       TF0
      00000088H.7 SFRSYM    DATA     BIT       TF1
      0000008CH   SFRSYM    DATA     BYTE      TH0
      000000B2H   SFRSYM    DATA     BYTE      ISOCON
      0000008DH   SFRSYM    DATA     BYTE      TH1
      000000D8H   SFRSYM    DATA     BYTE      SPSW
      000000D0H   SFRSYM    DATA     BIT       P
      0000008AH   SFRSYM    DATA     BYTE      TL0
      0000008BH   SFRSYM    DATA     BYTE      TL1
      000000C0H   SFRSYM    DATA     BYTE      PROGIO
      000000D0H.3 SFRSYM    DATA     BIT       RS0
      00000088H.4 SFRSYM    DATA     BIT       TR0
      000000D0H.4 SFRSYM    DATA     BIT       RS1
      00000080H.1 SFRSYM    DATA     BIT       FSM_START
      00000088H.6 SFRSYM    DATA     BIT       TR1
      00000083H   SFRSYM    DATA     BYTE      DPH
      000000B4H   SFRSYM    DATA     BYTE      ISOTMR
      00000082H   SFRSYM    DATA     BYTE      DPL
      000000B0H   SFRSYM    DATA     BYTE      SECURITYSTATUS
      00000086H   SFRSYM    DATA     BYTE      DPS
      00000093H   SFRSYM    DATA     BYTE      DPX
      00000080H   SFRSYM    DATA     BYTE      NVFSMCON
      000000F7H   SFRSYM    DATA     BYTE      MFCON
      000000C9H   SFRSYM    DATA     BYTE      NvFsmMode
      000000D0H.5 SFRSYM    DATA     BIT       F0
      000000E8H.1 SFRSYM    DATA     BIT       F1
      000000D0H   SFRSYM    DATA     BYTE      PSW

      ---         MODULE    ---      ---       ?C?COPY
      0100A06FH   PUBLIC    CODE     ---       ?C?COPY

      ---         MODULE    ---      ---       ?C?UIDIV
      0100A095H   PUBLIC    CODE     ---       ?C?UIDIV



*** WARNING L10: CANNOT DETERMINE ROOT SEGMENT

*** WARNING L9: EMPTY SEGMENTS ENCOUNTERED

Program Size: data=154.1 xdata=1 const=11 code=1762
LX51 RUN COMPLETE.  2 WARNING(S),  0 ERROR(S)
